<?xml version="1.0" encoding="UTF-8" ?>
<testsuites name="vitest tests" tests="40" failures="4" errors="0" time="5.4464075">
    <testsuite name="tests/App.test.tsx" timestamp="2026-04-06T17:41:45.793Z" hostname="GHZ" tests="5" failures="0" errors="0" skipped="0" time="0.0679135">
        <testcase classname="tests/App.test.tsx" name="App Component Layout &gt; renders LoginSignup if no current user" time="0.0222082">
        </testcase>
        <testcase classname="tests/App.test.tsx" name="App Component Layout &gt; renders select server if user is logged in but no active server" time="0.0275642">
        </testcase>
        <testcase classname="tests/App.test.tsx" name="App Component Layout &gt; renders ClaimProfile if server is active but no profile claimed" time="0.0042681">
        </testcase>
        <testcase classname="tests/App.test.tsx" name="App Component Layout &gt; renders ChatArea and ChannelSidebar if profile is claimed" time="0.0035391">
        </testcase>
        <testcase classname="tests/App.test.tsx" name="App Component Layout &gt; maintains layout boundaries when window is resized" time="0.0083307">
        </testcase>
    </testsuite>
    <testsuite name="tests/appStore.test.ts" timestamp="2026-04-06T17:41:45.798Z" hostname="GHZ" tests="4" failures="0" errors="0" skipped="0" time="0.0093152">
        <testcase classname="tests/appStore.test.ts" name="appStore &gt; addKnownServer appends unique URLs and persists to localStorage" time="0.0038356">
        </testcase>
        <testcase classname="tests/appStore.test.ts" name="appStore &gt; updateRelationship merges status updates or removes none status" time="0.0013777">
        </testcase>
        <testcase classname="tests/appStore.test.ts" name="appStore &gt; setActiveServerId clears activeChannelId and activeChannelName" time="0.0007268">
        </testcase>
        <testcase classname="tests/appStore.test.ts" name="appStore &gt; addUnreadChannel and removeUnreadChannel modify the unreadChannels Set" time="0.0007065">
        </testcase>
    </testsuite>
    <testsuite name="tests/ChannelSidebar.test.tsx" timestamp="2026-04-06T17:41:45.799Z" hostname="GHZ" tests="3" failures="0" errors="0" skipped="0" time="0.2406714">
        <testcase classname="tests/ChannelSidebar.test.tsx" name="ChannelSidebar Component &gt; groups channels under categories correctly" time="0.0694849">
        </testcase>
        <testcase classname="tests/ChannelSidebar.test.tsx" name="ChannelSidebar Component &gt; handles channel navigation on click" time="0.0190566">
        </testcase>
        <testcase classname="tests/ChannelSidebar.test.tsx" name="ChannelSidebar Component &gt; shows unread indicator for channels in unreadChannels set" time="0.1505161">
        </testcase>
    </testsuite>
    <testsuite name="tests/ChatArea.test.tsx" timestamp="2026-04-06T17:41:45.800Z" hostname="GHZ" tests="4" failures="0" errors="0" skipped="0" time="0.6397171">
        <testcase classname="tests/ChatArea.test.tsx" name="ChatArea component &gt; renders messages correctly with author, and content" time="0.1049425">
            <system-err>
React does not recognize the `followOutput` prop on a DOM element. If you intentionally want it to appear in the DOM as a custom attribute, spell it as lowercase `followoutput` instead. If you accidentally passed it from a parent component, remove it from the DOM element.
React does not recognize the `initialTopMostItemIndex` prop on a DOM element. If you intentionally want it to appear in the DOM as a custom attribute, spell it as lowercase `initialtopmostitemindex` instead. If you accidentally passed it from a parent component, remove it from the DOM element.

            </system-err>
        </testcase>
        <testcase classname="tests/ChatArea.test.tsx" name="ChatArea component &gt; renders attachments as images" time="0.0258382">
        </testcase>
        <testcase classname="tests/ChatArea.test.tsx" name="ChatArea component &gt; triggers pagination when scrolling to top" time="0.4928343">
        </testcase>
        <testcase classname="tests/ChatArea.test.tsx" name="ChatArea component &gt; updates message list on WebSocket NEW_MESSAGE event" time="0.014439">
            <system-err>
An update to ChatArea inside a test was not wrapped in act(...).

When testing, code that causes React state updates should be wrapped into act(...):

act(() =&gt; {
  /* fire events that update state */
});
/* assert on the output */

This ensures that you&apos;re testing the behavior the user would see in the browser. Learn more at https://react.dev/link/wrap-tests-with-act

            </system-err>
        </testcase>
    </testsuite>
    <testsuite name="tests/ClaimProfile.test.tsx" timestamp="2026-04-06T17:41:45.801Z" hostname="GHZ" tests="4" failures="0" errors="0" skipped="0" time="0.5152174">
        <testcase classname="tests/ClaimProfile.test.tsx" name="ClaimProfile Component &gt; renders loading state initially" time="0.038931">
        </testcase>
        <testcase classname="tests/ClaimProfile.test.tsx" name="ClaimProfile Component &gt; completes &quot;Fresh Start&quot; flow successfully" time="0.2964863">
        </testcase>
        <testcase classname="tests/ClaimProfile.test.tsx" name="ClaimProfile Component &gt; completes &quot;Claim Existing&quot; flow successfully" time="0.090097">
        </testcase>
        <testcase classname="tests/ClaimProfile.test.tsx" name="ClaimProfile Component &gt; displays error message on joining failure (500 status)" time="0.0880189">
            <system-err>
Error: Server error
    at C:/Harmony/client/src/components/ClaimProfile.tsx:70:36

            </system-err>
        </testcase>
    </testsuite>
    <testsuite name="tests/FileUpload.test.tsx" timestamp="2026-04-06T17:41:45.802Z" hostname="GHZ" tests="2" failures="0" errors="0" skipped="0" time="0.1158507">
        <testcase classname="tests/FileUpload.test.tsx" name="File Upload Logic &gt; successfully uploads a file and appends the returned URL to pending attachments" time="0.0953301">
            <system-err>
React does not recognize the `followOutput` prop on a DOM element. If you intentionally want it to appear in the DOM as a custom attribute, spell it as lowercase `followoutput` instead. If you accidentally passed it from a parent component, remove it from the DOM element.
React does not recognize the `initialTopMostItemIndex` prop on a DOM element. If you intentionally want it to appear in the DOM as a custom attribute, spell it as lowercase `initialtopmostitemindex` instead. If you accidentally passed it from a parent component, remove it from the DOM element.

            </system-err>
        </testcase>
        <testcase classname="tests/FileUpload.test.tsx" name="File Upload Logic &gt; displays an error alert if the server rejects a file" time="0.0188484">
        </testcase>
    </testsuite>
    <testsuite name="tests/LoginSignup.test.tsx" timestamp="2026-04-06T17:41:45.802Z" hostname="GHZ" tests="7" failures="4" errors="0" skipped="0" time="3.5161895">
        <testcase classname="tests/LoginSignup.test.tsx" name="LoginSignup Component &gt; renders login form by default" time="0.0897712">
            <system-err>
TypeError: Cannot read properties of undefined (reading &apos;ok&apos;)
    at fetchOwnerStatus (C:/Harmony/client/src/components/LoginSignup.tsx:25:21)
[90m    at processTicksAndRejections (node:internal/process/task_queues:105:5)[39m
TypeError: Cannot read properties of undefined (reading &apos;ok&apos;)
    at fetchOwnerStatus (C:/Harmony/client/src/components/LoginSignup.tsx:25:21)
[90m    at processTicksAndRejections (node:internal/process/task_queues:105:5)[39m

            </system-err>
        </testcase>
        <testcase classname="tests/LoginSignup.test.tsx" name="LoginSignup Component &gt; handles successful login without remembering" time="1.2016058">
            <failure message="expected undefined to be &apos;test@test.com&apos; // Object.is equality

Ignored nodes: comments, script, style
[36m&lt;html&gt;[39m
  [36m&lt;head /&gt;[39m
  [36m&lt;body&gt;[39m
    [36m&lt;div&gt;[39m
      [36m&lt;div[39m
        [33mstyle[39m=[32m&quot;display: flex; justify-content: center; align-items: center; height: 100vh; background-color: var(--bg-primary); color: var(--text-normal);&quot;[39m
      [36m&gt;[39m
        [36m&lt;form[39m
          [33mstyle[39m=[32m&quot;background-color: var(--bg-secondary); padding: 32px; border-radius: 8px; width: 400px; display: flex; flex-direction: column; gap: 16px; box-shadow: 0 4px 15px rgba(0,0,0,0.5);&quot;[39m
        [36m&gt;[39m
          [36m&lt;h2[39m
            [33mstyle[39m=[32m&quot;text-align: center; color: var(--text-focus); margin: 0px;&quot;[39m
          [36m&gt;[39m
            [0mWelcome back![0m
          [36m&lt;/h2&gt;[39m
          [36m&lt;div[39m
            [33mstyle[39m=[32m&quot;color: rgb(237, 66, 69); text-align: center;&quot;[39m
          [36m&gt;[39m
            [0mCannot read properties of undefined (reading &apos;json&apos;)[0m
          [36m&lt;/div&gt;[39m
          [36m&lt;div[39m
            [33mstyle[39m=[32m&quot;display: flex; flex-direction: column; gap: 8px;&quot;[39m
          [36m&gt;[39m
            [36m&lt;label[39m
              [33mfor[39m=[32m&quot;email&quot;[39m
              [33mstyle[39m=[32m&quot;font-size: 12px; font-weight: bold; text-transform: uppercase; color: var(--text-muted);&quot;[39m
            [36m&gt;[39m
              [0mEmail[0m
            [36m&lt;/label&gt;[39m
            [36m&lt;input[39m
              [33mid[39m=[32m&quot;email&quot;[39m
              [33mrequired[39m=[32m&quot;&quot;[39m
              [33mstyle[39m=[32m&quot;background-color: var(--bg-tertiary); border: medium; border-radius: 3px; color: var(--text-normal); padding: 10px; font-size: 16px; outline: none;&quot;[39m
              [33mtype[39m=[32m&quot;email&quot;[39m
              [33mvalue[39m=[32m&quot;test@test.com&quot;[39m
            [36m/&gt;[39m
          [36m&lt;/div&gt;[39m
          [36m&lt;div[39m
            [33mstyle[39m=[32m&quot;display: flex; flex-direction: column; gap: 8px;&quot;[39m
          [36m&gt;[39m
            [36m&lt;label[39m
              [33mfor[39m=[32m&quot;password&quot;[39m
              [33mstyle[39m=[32m&quot;font-size: 12px; font-weight: bold; text-transform: uppercase; color: var(--text-muted);&quot;[39m
            [36m&gt;[39m
              [0mPassword[0m
            [36m&lt;/label&gt;[39m
            [36m&lt;div[39m
              [33mstyle[39m=[32m&quot;position: relative; display: flex; align-items: center;&quot;[39m
            [36m&gt;[39m
              [36m&lt;input[39m
                [33mid[39m=[32m&quot;password&quot;[39m
                [33mrequired[39m=[32m&quot;&quot;[39m
                [33mstyle[39m=[32m&quot;flex: 1 1 0%; background-color: var(--bg-tertiary); border: medium; border-radius: 3px; color: var(--text-normal); font-size: 16px; outline: none; padding: 10px 40px 10px 10px;&quot;[39m
                [33mtype[39m=[32m&quot;password&quot;[39m
                [33mvalue[39m=[32m&quot;password&quot;[39m
              [36m/&gt;[39m
              [36m&lt;div[39m
                [33mstyle[39m=[32m&quot;position: absolute; right: 10px; cursor: pointer; color: var(--text-muted); display: flex;&quot;[39m
              [36m&gt;[39m
                [36m&lt;svg[39m
                  [33maria-hidden[39m=[32m&quot;true&quot;[39m
                  [33mclass[39m=[32m&quot;lucide lucide-eye&quot;[39m
                  [33mfill[39m=[32m&quot;none&quot;[39m
                  [33mheight[39m=[32m&quot;18&quot;[39m
                  [33mstroke[39m=[32m&quot;currentColor&quot;[39m
                  [33mstroke-linecap[39m=[32m&quot;round&quot;[39m
                  [33mstroke-linejoin[39m=[32m&quot;round&quot;[39m
                  [33mstroke-width[39m=[32m&quot;2&quot;[39m
                  [33mviewBox[39m=[32m&quot;0 0 24 24&quot;[39m
                  [33mwidth[39m=[32m&quot;18&quot;[39m
                  [33mxmlns[39m=[32m&quot;http://www.w3.org/2000/svg&quot;[39m
                [36m&gt;[39m
                  [36m&lt;path[39m
                    [33md[39m=[32m&quot;M2.062 12.348a1 1 0 0 1 0-.696 10.75 10.75 0 0 1 19.876 0 1 1 0 0 1 0 .696 10.75 10.75 0 0 1-19.876 0&quot;[39m
                  [36m/&gt;[39m
                  [36m&lt;circle[39m
                    [33mcx[39m=[32m&quot;12&quot;[39m
                    [33mcy[39m=[32m&quot;12&quot;[39m
                    [33mr[39m=[32m&quot;3&quot;[39m
                  [36m/&gt;[39m
                [36m&lt;/svg&gt;[39m
              [36m&lt;/div&gt;[39m
            [36m&lt;/div&gt;[39m
          [36m&lt;/div&gt;[39m
          [36m&lt;div[39m
            [33mstyle[39m=[32m&quot;display: flex; align-items: center; gap: 8px;&quot;[39m
          [36m&gt;[39m
            [36m&lt;input[39m
              [33mid[39m=[32m&quot;rememberMe&quot;[39m
              [33mstyle[39m=[32m&quot;cursor: pointer;&quot;[39m
              [33mtype[39m=[32m&quot;checkbox&quot;[39m
            [36m/&gt;[39m
            [36m&lt;label[39m
              [33mfor[39m=[32m&quot;rememberMe&quot;[39m
              [33mstyle[39m=[32m&quot;font-size: 14px; color: var(--text-muted); cursor: pointer;&quot;[39m
            [36m&gt;[39m
              [0mRemember me[0m
            [36m&lt;/label&gt;[39m
          [36m&lt;/div&gt;[39m
          [36m&lt;button[39m
            [33mstyle[39m=[32m&quot;background-color: var(--brand-experiment); color: white; border: medium; border-radius: 3px; padding: 10px; font-size: 16px; font-weight: bold; cursor: pointer; margin-top: 8px; transition: background-color 0.2s;&quot;[39m
            [33mtype[39m=[32m&quot;submit&quot;[39m
          [36m&gt;[39m
            [0mLogin[0m
          [36m&lt;/button&gt;[39m
          [36m&lt;div[39m
            [33mstyle[39m=[32m&quot;font-size: 14px; margin-top: 8px; display: flex; flex-direction: column; gap: 4px;&quot;[39m
          [36m&gt;[39m
            [36m&lt;div&gt;[39m
              [36m&lt;span[39m
                [33mstyle[39m=[32m&quot;color: var(--text-muted);&quot;[39m
              [36m&gt;[39m
                [0mNeed an account? [0m
              [36m&lt;/span&gt;[39m
              [36m&lt;span[39m
                [33mstyle[39m=[32m&quot;color: var(--text-link); cursor: pointer;&quot;[39m
              [36m&gt;[39m
                [0mRegister[0m
              [36m&lt;/span&gt;[39m
            [36m&lt;/div&gt;[39m
            [36m&lt;div&gt;[39m
              [36m&lt;span[39m
                [33mstyle[39m=[32m&quot;color: var(--text-link); cursor: pointer;&quot;[39m
              [36m&gt;[39m
                [0mForgot / Change Password?[0m
              [36m&lt;/span&gt;[39m
            [36m&lt;/div&gt;[39m
          [36m&lt;/div&gt;[39m
          [36m&lt;div[39m
            [33mstyle[39m=[32m&quot;margin-top: 16px; border-top: 1px solid var(--background-modifier-accent); padding-top: 16px;&quot;[39m
          [36m&gt;[39m
            [36m&lt;label[39m
              [33mfor[39m=[32m&quot;initialServerUrl&quot;[39m
              [33mstyle[39m=[32m&quot;font-size: 10px; font-weight: bold; text-transform: uppercase; color: var(--text-muted);&quot;[39m
            [36m&gt;[39m
              [0mInitial Network Server URL[0m
            [36m&lt;/label&gt;[39m
            [36m&lt;input[39m
              [33mid[39m=[32m&quot;initialServerUrl&quot;[39m
              [33mplaceholder[39m=[32m&quot;http://96.230.218.248:3001&quot;[39m
              [33mstyle[39m=[32m&quot;width: 100%; background-color: var(--bg-tertiary); border: medium; border-radius: 3px; color: var(--text-normal); padding: 8px; font-size: 12px; outline: none; margin-top: 4px; box-sizing: border-box;&quot;[39m
              [33mtype[39m=[32m&quot;text&quot;[39m
              [33mvalue[39m=[32m&quot;http://localhost:3001&quot;[39m
            [36m/&gt;[39m
          [36m&lt;/div&gt;[39m
          [36m&lt;div[39m
            [33mstyle[39m=[32m&quot;display: flex; align-items: center; justify-content: center; margin-top: 16px;&quot;[39m
          [36m&gt;[39m
            [36m&lt;div[39m
              [33mstyle[39m=[32m&quot;height: 1px; background-color: var(--background-modifier-accent); flex: 1 1 0%;&quot;[39m
            [36m/&gt;[39m
            [36m&lt;span[39m
              [33mstyle[39m=[32m&quot;padding: 0px 10px; color: var(--text-muted); font-size: 12px; font-weight: bold;&quot;[39m
            [36m&gt;[39m
              [0mOR USE STANDALONE[0m
            [36m&lt;/span&gt;[39m
            [36m&lt;div[39m
              [33mstyle[39m=[32m&quot;height: 1px; background-color: var(--background-modifier-accent); flex: 1 1 0%;&quot;[39m
            [36m/&gt;[39m
          [36m&lt;/div&gt;[39m
          [36m&lt;button[39m
            [33mclass[39m=[32m&quot;btn&quot;[39m
            [33mstyle[39m=[32m&quot;background-color: var(--background-modifier-accent); color: var(--text-normal); border: medium; border-radius: 3px; padding: 10px; font-size: 14px; font-weight: bold; cursor: pointer; transition: background-color 0.2s;&quot;[39m
            [33mtype[39m=[32m&quot;button&quot;[39m
          [36m&gt;[39m
            [0mContinue as Guest[0m
          [36m&lt;/button&gt;[39m
        [36m&lt;/form&gt;[39m
        [36m&lt;div[39m
          [33mstyle[39m=[32m&quot;position: absolute; bottom: 24px; text-align: center;&quot;[39m
        [36m&gt;[39m
          [36m&lt;button[39m
            [33mstyle[39m=[32m&quot;background: transparent; border: medium; color: var(--text-muted); text-decoration: underline; cursor: pointer; font-size: 12px;&quot;[39m
            [33mtype[39m=[32m&quot;button&quot;[39m
          [36m&gt;[39m
            [0mClear Local Cache &amp; Reset Client[0m
          [36m&lt;/button&gt;[39m
        [36m&lt;/div&gt;[39m
      [36m&lt;/div&gt;[39m
    [36m&lt;/div&gt;[39m
  [36m&lt;/body&gt;[39m
[36m&lt;/html&gt;[39m" type="AssertionError">
AssertionError: expected undefined to be &apos;test@test.com&apos; // Object.is equality

Ignored nodes: comments, script, style
&lt;html&gt;
  &lt;head /&gt;
  &lt;body&gt;
    &lt;div&gt;
      &lt;div
        style=&quot;display: flex; justify-content: center; align-items: center; height: 100vh; background-color: var(--bg-primary); color: var(--text-normal);&quot;
      &gt;
        &lt;form
          style=&quot;background-color: var(--bg-secondary); padding: 32px; border-radius: 8px; width: 400px; display: flex; flex-direction: column; gap: 16px; box-shadow: 0 4px 15px rgba(0,0,0,0.5);&quot;
        &gt;
          &lt;h2
            style=&quot;text-align: center; color: var(--text-focus); margin: 0px;&quot;
          &gt;
            Welcome back!
          &lt;/h2&gt;
          &lt;div
            style=&quot;color: rgb(237, 66, 69); text-align: center;&quot;
          &gt;
            Cannot read properties of undefined (reading &apos;json&apos;)
          &lt;/div&gt;
          &lt;div
            style=&quot;display: flex; flex-direction: column; gap: 8px;&quot;
          &gt;
            &lt;label
              for=&quot;email&quot;
              style=&quot;font-size: 12px; font-weight: bold; text-transform: uppercase; color: var(--text-muted);&quot;
            &gt;
              Email
            &lt;/label&gt;
            &lt;input
              id=&quot;email&quot;
              required=&quot;&quot;
              style=&quot;background-color: var(--bg-tertiary); border: medium; border-radius: 3px; color: var(--text-normal); padding: 10px; font-size: 16px; outline: none;&quot;
              type=&quot;email&quot;
              value=&quot;test@test.com&quot;
            /&gt;
          &lt;/div&gt;
          &lt;div
            style=&quot;display: flex; flex-direction: column; gap: 8px;&quot;
          &gt;
            &lt;label
              for=&quot;password&quot;
              style=&quot;font-size: 12px; font-weight: bold; text-transform: uppercase; color: var(--text-muted);&quot;
            &gt;
              Password
            &lt;/label&gt;
            &lt;div
              style=&quot;position: relative; display: flex; align-items: center;&quot;
            &gt;
              &lt;input
                id=&quot;password&quot;
                required=&quot;&quot;
                style=&quot;flex: 1 1 0%; background-color: var(--bg-tertiary); border: medium; border-radius: 3px; color: var(--text-normal); font-size: 16px; outline: none; padding: 10px 40px 10px 10px;&quot;
                type=&quot;password&quot;
                value=&quot;password&quot;
              /&gt;
              &lt;div
                style=&quot;position: absolute; right: 10px; cursor: pointer; color: var(--text-muted); display: flex;&quot;
              &gt;
                &lt;svg
                  aria-hidden=&quot;true&quot;
                  class=&quot;lucide lucide-eye&quot;
                  fill=&quot;none&quot;
                  height=&quot;18&quot;
                  stroke=&quot;currentColor&quot;
                  stroke-linecap=&quot;round&quot;
                  stroke-linejoin=&quot;round&quot;
                  stroke-width=&quot;2&quot;
                  viewBox=&quot;0 0 24 24&quot;
                  width=&quot;18&quot;
                  xmlns=&quot;http://www.w3.org/2000/svg&quot;
                &gt;
                  &lt;path
                    d=&quot;M2.062 12.348a1 1 0 0 1 0-.696 10.75 10.75 0 0 1 19.876 0 1 1 0 0 1 0 .696 10.75 10.75 0 0 1-19.876 0&quot;
                  /&gt;
                  &lt;circle
                    cx=&quot;12&quot;
                    cy=&quot;12&quot;
                    r=&quot;3&quot;
                  /&gt;
                &lt;/svg&gt;
              &lt;/div&gt;
            &lt;/div&gt;
          &lt;/div&gt;
          &lt;div
            style=&quot;display: flex; align-items: center; gap: 8px;&quot;
          &gt;
            &lt;input
              id=&quot;rememberMe&quot;
              style=&quot;cursor: pointer;&quot;
              type=&quot;checkbox&quot;
            /&gt;
            &lt;label
              for=&quot;rememberMe&quot;
              style=&quot;font-size: 14px; color: var(--text-muted); cursor: pointer;&quot;
            &gt;
              Remember me
            &lt;/label&gt;
          &lt;/div&gt;
          &lt;button
            style=&quot;background-color: var(--brand-experiment); color: white; border: medium; border-radius: 3px; padding: 10px; font-size: 16px; font-weight: bold; cursor: pointer; margin-top: 8px; transition: background-color 0.2s;&quot;
            type=&quot;submit&quot;
          &gt;
            Login
          &lt;/button&gt;
          &lt;div
            style=&quot;font-size: 14px; margin-top: 8px; display: flex; flex-direction: column; gap: 4px;&quot;
          &gt;
            &lt;div&gt;
              &lt;span
                style=&quot;color: var(--text-muted);&quot;
              &gt;
                Need an account? 
              &lt;/span&gt;
              &lt;span
                style=&quot;color: var(--text-link); cursor: pointer;&quot;
              &gt;
                Register
              &lt;/span&gt;
            &lt;/div&gt;
            &lt;div&gt;
              &lt;span
                style=&quot;color: var(--text-link); cursor: pointer;&quot;
              &gt;
                Forgot / Change Password?
              &lt;/span&gt;
            &lt;/div&gt;
          &lt;/div&gt;
          &lt;div
            style=&quot;margin-top: 16px; border-top: 1px solid var(--background-modifier-accent); padding-top: 16px;&quot;
          &gt;
            &lt;label
              for=&quot;initialServerUrl&quot;
              style=&quot;font-size: 10px; font-weight: bold; text-transform: uppercase; color: var(--text-muted);&quot;
            &gt;
              Initial Network Server URL
            &lt;/label&gt;
            &lt;input
              id=&quot;initialServerUrl&quot;
              placeholder=&quot;http://96.230.218.248:3001&quot;
              style=&quot;width: 100%; background-color: var(--bg-tertiary); border: medium; border-radius: 3px; color: var(--text-normal); padding: 8px; font-size: 12px; outline: none; margin-top: 4px; box-sizing: border-box;&quot;
              type=&quot;text&quot;
              value=&quot;http://localhost:3001&quot;
            /&gt;
          &lt;/div&gt;
          &lt;div
            style=&quot;display: flex; align-items: center; justify-content: center; margin-top: 16px;&quot;
          &gt;
            &lt;div
              style=&quot;height: 1px; background-color: var(--background-modifier-accent); flex: 1 1 0%;&quot;
            /&gt;
            &lt;span
              style=&quot;padding: 0px 10px; color: var(--text-muted); font-size: 12px; font-weight: bold;&quot;
            &gt;
              OR USE STANDALONE
            &lt;/span&gt;
            &lt;div
              style=&quot;height: 1px; background-color: var(--background-modifier-accent); flex: 1 1 0%;&quot;
            /&gt;
          &lt;/div&gt;
          &lt;button
            class=&quot;btn&quot;
            style=&quot;background-color: var(--background-modifier-accent); color: var(--text-normal); border: medium; border-radius: 3px; padding: 10px; font-size: 14px; font-weight: bold; cursor: pointer; transition: background-color 0.2s;&quot;
            type=&quot;button&quot;
          &gt;
            Continue as Guest
          &lt;/button&gt;
        &lt;/form&gt;
        &lt;div
          style=&quot;position: absolute; bottom: 24px; text-align: center;&quot;
        &gt;
          &lt;button
            style=&quot;background: transparent; border: medium; color: var(--text-muted); text-decoration: underline; cursor: pointer; font-size: 12px;&quot;
            type=&quot;button&quot;
          &gt;
            Clear Local Cache &amp; Reset Client
          &lt;/button&gt;
        &lt;/div&gt;
      &lt;/div&gt;
    &lt;/div&gt;
  &lt;/body&gt;
&lt;/html&gt;

- Expected: 
&quot;test@test.com&quot;

+ Received: 
undefined

 ❯ tests/LoginSignup.test.tsx:36:66
 ❯ runWithExpensiveErrorDiagnosticsDisabled node_modules/@testing-library/dom/dist/config.js:47:12
 ❯ checkCallback node_modules/@testing-library/dom/dist/wait-for.js:124:77
 ❯ Timeout.checkRealTimersCallback node_modules/@testing-library/dom/dist/wait-for.js:118:16
            </failure>
        </testcase>
        <testcase classname="tests/LoginSignup.test.tsx" name="LoginSignup Component &gt; remembers user if checkbox is checked" time="1.0765397">
            <failure message="the given combination of arguments (null and string) is invalid for this assertion. You can use an array, a map, an object, a set, a string, or a weakset instead of a string

Ignored nodes: comments, script, style
[36m&lt;html&gt;[39m
  [36m&lt;head /&gt;[39m
  [36m&lt;body&gt;[39m
    [36m&lt;div&gt;[39m
      [36m&lt;div[39m
        [33mstyle[39m=[32m&quot;display: flex; justify-content: center; align-items: center; height: 100vh; background-color: var(--bg-primary); color: var(--text-normal);&quot;[39m
      [36m&gt;[39m
        [36m&lt;form[39m
          [33mstyle[39m=[32m&quot;background-color: var(--bg-secondary); padding: 32px; border-radius: 8px; width: 400px; display: flex; flex-direction: column; gap: 16px; box-shadow: 0 4px 15px rgba(0,0,0,0.5);&quot;[39m
        [36m&gt;[39m
          [36m&lt;h2[39m
            [33mstyle[39m=[32m&quot;text-align: center; color: var(--text-focus); margin: 0px;&quot;[39m
          [36m&gt;[39m
            [0mWelcome back![0m
          [36m&lt;/h2&gt;[39m
          [36m&lt;div[39m
            [33mstyle[39m=[32m&quot;color: rgb(237, 66, 69); text-align: center;&quot;[39m
          [36m&gt;[39m
            [0mCannot read properties of undefined (reading &apos;json&apos;)[0m
          [36m&lt;/div&gt;[39m
          [36m&lt;div[39m
            [33mstyle[39m=[32m&quot;display: flex; flex-direction: column; gap: 8px;&quot;[39m
          [36m&gt;[39m
            [36m&lt;label[39m
              [33mfor[39m=[32m&quot;email&quot;[39m
              [33mstyle[39m=[32m&quot;font-size: 12px; font-weight: bold; text-transform: uppercase; color: var(--text-muted);&quot;[39m
            [36m&gt;[39m
              [0mEmail[0m
            [36m&lt;/label&gt;[39m
            [36m&lt;input[39m
              [33mid[39m=[32m&quot;email&quot;[39m
              [33mrequired[39m=[32m&quot;&quot;[39m
              [33mstyle[39m=[32m&quot;background-color: var(--bg-tertiary); border: medium; border-radius: 3px; color: var(--text-normal); padding: 10px; font-size: 16px; outline: none;&quot;[39m
              [33mtype[39m=[32m&quot;email&quot;[39m
              [33mvalue[39m=[32m&quot;rem@test.com&quot;[39m
            [36m/&gt;[39m
          [36m&lt;/div&gt;[39m
          [36m&lt;div[39m
            [33mstyle[39m=[32m&quot;display: flex; flex-direction: column; gap: 8px;&quot;[39m
          [36m&gt;[39m
            [36m&lt;label[39m
              [33mfor[39m=[32m&quot;password&quot;[39m
              [33mstyle[39m=[32m&quot;font-size: 12px; font-weight: bold; text-transform: uppercase; color: var(--text-muted);&quot;[39m
            [36m&gt;[39m
              [0mPassword[0m
            [36m&lt;/label&gt;[39m
            [36m&lt;div[39m
              [33mstyle[39m=[32m&quot;position: relative; display: flex; align-items: center;&quot;[39m
            [36m&gt;[39m
              [36m&lt;input[39m
                [33mid[39m=[32m&quot;password&quot;[39m
                [33mrequired[39m=[32m&quot;&quot;[39m
                [33mstyle[39m=[32m&quot;flex: 1 1 0%; background-color: var(--bg-tertiary); border: medium; border-radius: 3px; color: var(--text-normal); font-size: 16px; outline: none; padding: 10px 40px 10px 10px;&quot;[39m
                [33mtype[39m=[32m&quot;password&quot;[39m
                [33mvalue[39m=[32m&quot;password&quot;[39m
              [36m/&gt;[39m
              [36m&lt;div[39m
                [33mstyle[39m=[32m&quot;position: absolute; right: 10px; cursor: pointer; color: var(--text-muted); display: flex;&quot;[39m
              [36m&gt;[39m
                [36m&lt;svg[39m
                  [33maria-hidden[39m=[32m&quot;true&quot;[39m
                  [33mclass[39m=[32m&quot;lucide lucide-eye&quot;[39m
                  [33mfill[39m=[32m&quot;none&quot;[39m
                  [33mheight[39m=[32m&quot;18&quot;[39m
                  [33mstroke[39m=[32m&quot;currentColor&quot;[39m
                  [33mstroke-linecap[39m=[32m&quot;round&quot;[39m
                  [33mstroke-linejoin[39m=[32m&quot;round&quot;[39m
                  [33mstroke-width[39m=[32m&quot;2&quot;[39m
                  [33mviewBox[39m=[32m&quot;0 0 24 24&quot;[39m
                  [33mwidth[39m=[32m&quot;18&quot;[39m
                  [33mxmlns[39m=[32m&quot;http://www.w3.org/2000/svg&quot;[39m
                [36m&gt;[39m
                  [36m&lt;path[39m
                    [33md[39m=[32m&quot;M2.062 12.348a1 1 0 0 1 0-.696 10.75 10.75 0 0 1 19.876 0 1 1 0 0 1 0 .696 10.75 10.75 0 0 1-19.876 0&quot;[39m
                  [36m/&gt;[39m
                  [36m&lt;circle[39m
                    [33mcx[39m=[32m&quot;12&quot;[39m
                    [33mcy[39m=[32m&quot;12&quot;[39m
                    [33mr[39m=[32m&quot;3&quot;[39m
                  [36m/&gt;[39m
                [36m&lt;/svg&gt;[39m
              [36m&lt;/div&gt;[39m
            [36m&lt;/div&gt;[39m
          [36m&lt;/div&gt;[39m
          [36m&lt;div[39m
            [33mstyle[39m=[32m&quot;display: flex; align-items: center; gap: 8px;&quot;[39m
          [36m&gt;[39m
            [36m&lt;input[39m
              [33mid[39m=[32m&quot;rememberMe&quot;[39m
              [33mstyle[39m=[32m&quot;cursor: pointer;&quot;[39m
              [33mtype[39m=[32m&quot;checkbox&quot;[39m
            [36m/&gt;[39m
            [36m&lt;label[39m
              [33mfor[39m=[32m&quot;rememberMe&quot;[39m
              [33mstyle[39m=[32m&quot;font-size: 14px; color: var(--text-muted); cursor: pointer;&quot;[39m
            [36m&gt;[39m
              [0mRemember me[0m
            [36m&lt;/label&gt;[39m
          [36m&lt;/div&gt;[39m
          [36m&lt;button[39m
            [33mstyle[39m=[32m&quot;background-color: var(--brand-experiment); color: white; border: medium; border-radius: 3px; padding: 10px; font-size: 16px; font-weight: bold; cursor: pointer; margin-top: 8px; transition: background-color 0.2s;&quot;[39m
            [33mtype[39m=[32m&quot;submit&quot;[39m
          [36m&gt;[39m
            [0mLogin[0m
          [36m&lt;/button&gt;[39m
          [36m&lt;div[39m
            [33mstyle[39m=[32m&quot;font-size: 14px; margin-top: 8px; display: flex; flex-direction: column; gap: 4px;&quot;[39m
          [36m&gt;[39m
            [36m&lt;div&gt;[39m
              [36m&lt;span[39m
                [33mstyle[39m=[32m&quot;color: var(--text-muted);&quot;[39m
              [36m&gt;[39m
                [0mNeed an account? [0m
              [36m&lt;/span&gt;[39m
              [36m&lt;span[39m
                [33mstyle[39m=[32m&quot;color: var(--text-link); cursor: pointer;&quot;[39m
              [36m&gt;[39m
                [0mRegister[0m
              [36m&lt;/span&gt;[39m
            [36m&lt;/div&gt;[39m
            [36m&lt;div&gt;[39m
              [36m&lt;span[39m
                [33mstyle[39m=[32m&quot;color: var(--text-link); cursor: pointer;&quot;[39m
              [36m&gt;[39m
                [0mForgot / Change Password?[0m
              [36m&lt;/span&gt;[39m
            [36m&lt;/div&gt;[39m
          [36m&lt;/div&gt;[39m
          [36m&lt;div[39m
            [33mstyle[39m=[32m&quot;margin-top: 16px; border-top: 1px solid var(--background-modifier-accent); padding-top: 16px;&quot;[39m
          [36m&gt;[39m
            [36m&lt;label[39m
              [33mfor[39m=[32m&quot;initialServerUrl&quot;[39m
              [33mstyle[39m=[32m&quot;font-size: 10px; font-weight: bold; text-transform: uppercase; color: var(--text-muted);&quot;[39m
            [36m&gt;[39m
              [0mInitial Network Server URL[0m
            [36m&lt;/label&gt;[39m
            [36m&lt;input[39m
              [33mid[39m=[32m&quot;initialServerUrl&quot;[39m
              [33mplaceholder[39m=[32m&quot;http://96.230.218.248:3001&quot;[39m
              [33mstyle[39m=[32m&quot;width: 100%; background-color: var(--bg-tertiary); border: medium; border-radius: 3px; color: var(--text-normal); padding: 8px; font-size: 12px; outline: none; margin-top: 4px; box-sizing: border-box;&quot;[39m
              [33mtype[39m=[32m&quot;text&quot;[39m
              [33mvalue[39m=[32m&quot;http://localhost:3001&quot;[39m
            [36m/&gt;[39m
          [36m&lt;/div&gt;[39m
          [36m&lt;div[39m
            [33mstyle[39m=[32m&quot;display: flex; align-items: center; justify-content: center; margin-top: 16px;&quot;[39m
          [36m&gt;[39m
            [36m&lt;div[39m
              [33mstyle[39m=[32m&quot;height: 1px; background-color: var(--background-modifier-accent); flex: 1 1 0%;&quot;[39m
            [36m/&gt;[39m
            [36m&lt;span[39m
              [33mstyle[39m=[32m&quot;padding: 0px 10px; color: var(--text-muted); font-size: 12px; font-weight: bold;&quot;[39m
            [36m&gt;[39m
              [0mOR USE STANDALONE[0m
            [36m&lt;/span&gt;[39m
            [36m&lt;div[39m
              [33mstyle[39m=[32m&quot;height: 1px; background-color: var(--background-modifier-accent); flex: 1 1 0%;&quot;[39m
            [36m/&gt;[39m
          [36m&lt;/div&gt;[39m
          [36m&lt;button[39m
            [33mclass[39m=[32m&quot;btn&quot;[39m
            [33mstyle[39m=[32m&quot;background-color: var(--background-modifier-accent); color: var(--text-normal); border: medium; border-radius: 3px; padding: 10px; font-size: 14px; font-weight: bold; cursor: pointer; transition: background-color 0.2s;&quot;[39m
            [33mtype[39m=[32m&quot;button&quot;[39m
          [36m&gt;[39m
            [0mContinue as Guest[0m
          [36m&lt;/button&gt;[39m
        [36m&lt;/form&gt;[39m
        [36m&lt;div[39m
          [33mstyle[39m=[32m&quot;position: absolute; bottom: 24px; text-align: center;&quot;[39m
        [36m&gt;[39m
          [36m&lt;button[39m
            [33mstyle[39m=[32m&quot;background: transparent; border: medium; color: var(--text-muted); text-decoration: underline; cursor: pointer; font-size: 12px;&quot;[39m
            [33mtype[39m=[32m&quot;button&quot;[39m
          [36m&gt;[39m
            [0mClear Local Cache &amp; Reset Client[0m
          [36m&lt;/button&gt;[39m
        [36m&lt;/div&gt;[39m
      [36m&lt;/div&gt;[39m
    [36m&lt;/div&gt;[39m
  [36m&lt;/body&gt;[39m
[36m&lt;/html&gt;[39m" type="AssertionError">
AssertionError: the given combination of arguments (null and string) is invalid for this assertion. You can use an array, a map, an object, a set, a string, or a weakset instead of a string

Ignored nodes: comments, script, style
&lt;html&gt;
  &lt;head /&gt;
  &lt;body&gt;
    &lt;div&gt;
      &lt;div
        style=&quot;display: flex; justify-content: center; align-items: center; height: 100vh; background-color: var(--bg-primary); color: var(--text-normal);&quot;
      &gt;
        &lt;form
          style=&quot;background-color: var(--bg-secondary); padding: 32px; border-radius: 8px; width: 400px; display: flex; flex-direction: column; gap: 16px; box-shadow: 0 4px 15px rgba(0,0,0,0.5);&quot;
        &gt;
          &lt;h2
            style=&quot;text-align: center; color: var(--text-focus); margin: 0px;&quot;
          &gt;
            Welcome back!
          &lt;/h2&gt;
          &lt;div
            style=&quot;color: rgb(237, 66, 69); text-align: center;&quot;
          &gt;
            Cannot read properties of undefined (reading &apos;json&apos;)
          &lt;/div&gt;
          &lt;div
            style=&quot;display: flex; flex-direction: column; gap: 8px;&quot;
          &gt;
            &lt;label
              for=&quot;email&quot;
              style=&quot;font-size: 12px; font-weight: bold; text-transform: uppercase; color: var(--text-muted);&quot;
            &gt;
              Email
            &lt;/label&gt;
            &lt;input
              id=&quot;email&quot;
              required=&quot;&quot;
              style=&quot;background-color: var(--bg-tertiary); border: medium; border-radius: 3px; color: var(--text-normal); padding: 10px; font-size: 16px; outline: none;&quot;
              type=&quot;email&quot;
              value=&quot;rem@test.com&quot;
            /&gt;
          &lt;/div&gt;
          &lt;div
            style=&quot;display: flex; flex-direction: column; gap: 8px;&quot;
          &gt;
            &lt;label
              for=&quot;password&quot;
              style=&quot;font-size: 12px; font-weight: bold; text-transform: uppercase; color: var(--text-muted);&quot;
            &gt;
              Password
            &lt;/label&gt;
            &lt;div
              style=&quot;position: relative; display: flex; align-items: center;&quot;
            &gt;
              &lt;input
                id=&quot;password&quot;
                required=&quot;&quot;
                style=&quot;flex: 1 1 0%; background-color: var(--bg-tertiary); border: medium; border-radius: 3px; color: var(--text-normal); font-size: 16px; outline: none; padding: 10px 40px 10px 10px;&quot;
                type=&quot;password&quot;
                value=&quot;password&quot;
              /&gt;
              &lt;div
                style=&quot;position: absolute; right: 10px; cursor: pointer; color: var(--text-muted); display: flex;&quot;
              &gt;
                &lt;svg
                  aria-hidden=&quot;true&quot;
                  class=&quot;lucide lucide-eye&quot;
                  fill=&quot;none&quot;
                  height=&quot;18&quot;
                  stroke=&quot;currentColor&quot;
                  stroke-linecap=&quot;round&quot;
                  stroke-linejoin=&quot;round&quot;
                  stroke-width=&quot;2&quot;
                  viewBox=&quot;0 0 24 24&quot;
                  width=&quot;18&quot;
                  xmlns=&quot;http://www.w3.org/2000/svg&quot;
                &gt;
                  &lt;path
                    d=&quot;M2.062 12.348a1 1 0 0 1 0-.696 10.75 10.75 0 0 1 19.876 0 1 1 0 0 1 0 .696 10.75 10.75 0 0 1-19.876 0&quot;
                  /&gt;
                  &lt;circle
                    cx=&quot;12&quot;
                    cy=&quot;12&quot;
                    r=&quot;3&quot;
                  /&gt;
                &lt;/svg&gt;
              &lt;/div&gt;
            &lt;/div&gt;
          &lt;/div&gt;
          &lt;div
            style=&quot;display: flex; align-items: center; gap: 8px;&quot;
          &gt;
            &lt;input
              id=&quot;rememberMe&quot;
              style=&quot;cursor: pointer;&quot;
              type=&quot;checkbox&quot;
            /&gt;
            &lt;label
              for=&quot;rememberMe&quot;
              style=&quot;font-size: 14px; color: var(--text-muted); cursor: pointer;&quot;
            &gt;
              Remember me
            &lt;/label&gt;
          &lt;/div&gt;
          &lt;button
            style=&quot;background-color: var(--brand-experiment); color: white; border: medium; border-radius: 3px; padding: 10px; font-size: 16px; font-weight: bold; cursor: pointer; margin-top: 8px; transition: background-color 0.2s;&quot;
            type=&quot;submit&quot;
          &gt;
            Login
          &lt;/button&gt;
          &lt;div
            style=&quot;font-size: 14px; margin-top: 8px; display: flex; flex-direction: column; gap: 4px;&quot;
          &gt;
            &lt;div&gt;
              &lt;span
                style=&quot;color: var(--text-muted);&quot;
              &gt;
                Need an account? 
              &lt;/span&gt;
              &lt;span
                style=&quot;color: var(--text-link); cursor: pointer;&quot;
              &gt;
                Register
              &lt;/span&gt;
            &lt;/div&gt;
            &lt;div&gt;
              &lt;span
                style=&quot;color: var(--text-link); cursor: pointer;&quot;
              &gt;
                Forgot / Change Password?
              &lt;/span&gt;
            &lt;/div&gt;
          &lt;/div&gt;
          &lt;div
            style=&quot;margin-top: 16px; border-top: 1px solid var(--background-modifier-accent); padding-top: 16px;&quot;
          &gt;
            &lt;label
              for=&quot;initialServerUrl&quot;
              style=&quot;font-size: 10px; font-weight: bold; text-transform: uppercase; color: var(--text-muted);&quot;
            &gt;
              Initial Network Server URL
            &lt;/label&gt;
            &lt;input
              id=&quot;initialServerUrl&quot;
              placeholder=&quot;http://96.230.218.248:3001&quot;
              style=&quot;width: 100%; background-color: var(--bg-tertiary); border: medium; border-radius: 3px; color: var(--text-normal); padding: 8px; font-size: 12px; outline: none; margin-top: 4px; box-sizing: border-box;&quot;
              type=&quot;text&quot;
              value=&quot;http://localhost:3001&quot;
            /&gt;
          &lt;/div&gt;
          &lt;div
            style=&quot;display: flex; align-items: center; justify-content: center; margin-top: 16px;&quot;
          &gt;
            &lt;div
              style=&quot;height: 1px; background-color: var(--background-modifier-accent); flex: 1 1 0%;&quot;
            /&gt;
            &lt;span
              style=&quot;padding: 0px 10px; color: var(--text-muted); font-size: 12px; font-weight: bold;&quot;
            &gt;
              OR USE STANDALONE
            &lt;/span&gt;
            &lt;div
              style=&quot;height: 1px; background-color: var(--background-modifier-accent); flex: 1 1 0%;&quot;
            /&gt;
          &lt;/div&gt;
          &lt;button
            class=&quot;btn&quot;
            style=&quot;background-color: var(--background-modifier-accent); color: var(--text-normal); border: medium; border-radius: 3px; padding: 10px; font-size: 14px; font-weight: bold; cursor: pointer; transition: background-color 0.2s;&quot;
            type=&quot;button&quot;
          &gt;
            Continue as Guest
          &lt;/button&gt;
        &lt;/form&gt;
        &lt;div
          style=&quot;position: absolute; bottom: 24px; text-align: center;&quot;
        &gt;
          &lt;button
            style=&quot;background: transparent; border: medium; color: var(--text-muted); text-decoration: underline; cursor: pointer; font-size: 12px;&quot;
            type=&quot;button&quot;
          &gt;
            Clear Local Cache &amp; Reset Client
          &lt;/button&gt;
        &lt;/div&gt;
      &lt;/div&gt;
    &lt;/div&gt;
  &lt;/body&gt;
&lt;/html&gt;
 ❯ tests/LoginSignup.test.tsx:58:61
 ❯ runWithExpensiveErrorDiagnosticsDisabled node_modules/@testing-library/dom/dist/config.js:47:12
 ❯ checkCallback node_modules/@testing-library/dom/dist/wait-for.js:124:77
 ❯ Timeout.checkRealTimersCallback node_modules/@testing-library/dom/dist/wait-for.js:118:16
            </failure>
        </testcase>
        <testcase classname="tests/LoginSignup.test.tsx" name="LoginSignup Component &gt; auto-logins if valid local storage cache is present" time="0.011059">
            <system-err>
TypeError: Cannot read properties of undefined (reading &apos;ok&apos;)
    at fetchOwnerStatus (C:/Harmony/client/src/components/LoginSignup.tsx:25:21)

            </system-err>
        </testcase>
        <testcase classname="tests/LoginSignup.test.tsx" name="LoginSignup Component &gt; blocks signup if passwords do not match" time="0.0664374">
            <system-err>
TypeError: Cannot read properties of undefined (reading &apos;ok&apos;)
    at fetchOwnerStatus (C:/Harmony/client/src/components/LoginSignup.tsx:25:21)
TypeError: Cannot read properties of undefined (reading &apos;ok&apos;)
    at fetchOwnerStatus (C:/Harmony/client/src/components/LoginSignup.tsx:25:21)

            </system-err>
            <failure message="expected &quot;vi.fn()&quot; to not be called at all, but actually been called 2 times[90m

Received: 

[1m  1st vi.fn() call:

[22m    Array [
      &quot;http://localhost:3001/api/accounts/owner-exists&quot;,
    ]

[1m  2nd vi.fn() call:

[22m    Array [
      &quot;http://localhost:3001/api/accounts/owner-exists&quot;,
    ]
[39m[90m

Number of calls: [1m2[22m
[39m" type="AssertionError">
AssertionError: expected &quot;vi.fn()&quot; to not be called at all, but actually been called 2 times

Received: 

  1st vi.fn() call:

    Array [
      &quot;http://localhost:3001/api/accounts/owner-exists&quot;,
    ]

  2nd vi.fn() call:

    Array [
      &quot;http://localhost:3001/api/accounts/owner-exists&quot;,
    ]


Number of calls: 2

 ❯ tests/LoginSignup.test.tsx:87:34
            </failure>
        </testcase>
        <testcase classname="tests/LoginSignup.test.tsx" name="LoginSignup Component &gt; changes password successfully" time="1.0595982">
            <system-err>
TypeError: Cannot read properties of undefined (reading &apos;ok&apos;)
    at fetchOwnerStatus (C:/Harmony/client/src/components/LoginSignup.tsx:25:21)

            </system-err>
            <failure message="Unable to find an element with the text: Password updated successfully! You can now login.. This could be because the text is broken up by multiple elements. In this case, you can provide a function for your text matcher to make your matcher more flexible.

Ignored nodes: comments, script, style
[36m&lt;body&gt;[39m
  [36m&lt;div&gt;[39m
    [36m&lt;div[39m
      [33mstyle[39m=[32m&quot;display: flex; justify-content: center; align-items: center; height: 100vh; background-color: var(--bg-primary); color: var(--text-normal);&quot;[39m
    [36m&gt;[39m
      [36m&lt;form[39m
        [33mstyle[39m=[32m&quot;background-color: var(--bg-secondary); padding: 32px; border-radius: 8px; width: 400px; display: flex; flex-direction: column; gap: 16px; box-shadow: 0 4px 15px rgba(0,0,0,0.5);&quot;[39m
      [36m&gt;[39m
        [36m&lt;h2[39m
          [33mstyle[39m=[32m&quot;text-align: center; color: var(--text-focus); margin: 0px;&quot;[39m
        [36m&gt;[39m
          [0mChange Password[0m
        [36m&lt;/h2&gt;[39m
        [36m&lt;div[39m
          [33mstyle[39m=[32m&quot;color: rgb(237, 66, 69); text-align: center;&quot;[39m
        [36m&gt;[39m
          [0mCannot read properties of undefined (reading &apos;json&apos;)[0m
        [36m&lt;/div&gt;[39m
        [36m&lt;div[39m
          [33mstyle[39m=[32m&quot;display: flex; flex-direction: column; gap: 8px;&quot;[39m
        [36m&gt;[39m
          [36m&lt;label[39m
            [33mfor[39m=[32m&quot;email&quot;[39m
            [33mstyle[39m=[32m&quot;font-size: 12px; font-weight: bold; text-transform: uppercase; color: var(--text-muted);&quot;[39m
          [36m&gt;[39m
            [0mEmail[0m
          [36m&lt;/label&gt;[39m
          [36m&lt;input[39m
            [33mid[39m=[32m&quot;email&quot;[39m
            [33mrequired[39m=[32m&quot;&quot;[39m
            [33mstyle[39m=[32m&quot;background-color: var(--bg-tertiary); border: medium; border-radius: 3px; color: var(--text-normal); padding: 10px; font-size: 16px; outline: none;&quot;[39m
            [33mtype[39m=[32m&quot;email&quot;[39m
            [33mvalue[39m=[32m&quot;test@test.com&quot;[39m
          [36m/&gt;[39m
        [36m&lt;/div&gt;[39m
        [36m&lt;div[39m
          [33mstyle[39m=[32m&quot;display: flex; flex-direction: column; gap: 8px;&quot;[39m
        [36m&gt;[39m
          [36m&lt;label[39m
            [33mfor[39m=[32m&quot;password&quot;[39m
            [33mstyle[39m=[32m&quot;font-size: 12px; font-weight: bold; text-transform: uppercase; color: var(--text-muted);&quot;[39m
          [36m&gt;[39m
            [0mNew Password[0m
          [36m&lt;/label&gt;[39m
          [36m&lt;div[39m
            [33mstyle[39m=[32m&quot;position: relative; display: flex; align-items: center;&quot;[39m
          [36m&gt;[39m
            [36m&lt;input[39m
              [33mid[39m=[32m&quot;password&quot;[39m
              [33mrequired[39m=[32m&quot;&quot;[39m
              [33mstyle[39m=[32m&quot;flex: 1 1 0%; background-color: var(--bg-tertiary); border: medium; border-radius: 3px; color: var(--text-normal); font-size: 16px; outline: none; padding: 10px 40px 10px 10px;&quot;[39m
              [33mtype[39m=[32m&quot;password&quot;[39m
              [33mvalue[39m=[32m&quot;newpass123&quot;[39m
            [36m/&gt;[39m
            [36m&lt;div[39m
              [33mstyle[39m=[32m&quot;position: absolute; right: 10px; cursor: pointer; color: var(--text-muted); display: flex;&quot;[39m
            [36m&gt;[39m
              [36m&lt;svg[39m
                [33maria-hidden[39m=[32m&quot;true&quot;[39m
                [33mclass[39m=[32m&quot;lucide lucide-eye&quot;[39m
                [33mfill[39m=[32m&quot;none&quot;[39m
                [33mheight[39m=[32m&quot;18&quot;[39m
                [33mstroke[39m=[32m&quot;currentColor&quot;[39m
                [33mstroke-linecap[39m=[32m&quot;round&quot;[39m
                [33mstroke-linejoin[39m=[32m&quot;round&quot;[39m
                [33mstroke-width[39m=[32m&quot;2&quot;[39m
                [33mviewBox[39m=[32m&quot;0 0 24 24&quot;[39m
                [33mwidth[39m=[32m&quot;18&quot;[39m
                [33mxmlns[39m=[32m&quot;http://www.w3.org/2000/svg&quot;[39m
              [36m&gt;[39m
                [36m&lt;path[39m
                  [33md[39m=[32m&quot;M2.062 12.348a1 1 0 0 1 0-.696 10.75 10.75 0 0 1 19.876 0 1 1 0 0 1 0 .696 10.75 10.75 0 0 1-19.876 0&quot;[39m
                [36m/&gt;[39m
                [36m&lt;circle[39m
                  [33mcx[39m=[32m&quot;12&quot;[39m
                  [33mcy[39m=[32m&quot;12&quot;[39m
                  [33mr[39m=[32m&quot;3&quot;[39m
                [36m/&gt;[39m
              [36m&lt;/svg&gt;[39m
            [36m&lt;/div&gt;[39m
          [36m&lt;/div&gt;[39m
        [36m&lt;/div&gt;[39m
        [36m&lt;div[39m
          [33mstyle[39m=[32m&quot;display: flex; flex-direction: column; gap: 8px;&quot;[39m
        [36m&gt;[39m
          [36m&lt;label[39m
            [33mfor[39m=[32m&quot;confirmPassword&quot;[39m
            [33mstyle[39m=[32m&quot;font-size: 12px; font-weight: bold; text-transform: uppercase; color: var(--text-muted);&quot;[39m
          [36m&gt;[39m
            [0mConfirm [0m
            [0mNew Password[0m
          [36m&lt;/label&gt;[39m
          [36m&lt;div[39m
            [33mstyle[39m=[32m&quot;position: relative; display: flex; align-items: center;&quot;[39m
          [36m&gt;[39m
            [36m&lt;input[39m
              [33mid[39m=[32m&quot;confirmPassword&quot;[39m
              [33mrequired[39m=[32m&quot;&quot;[39m
              [33mstyle[39m=[32m&quot;flex: 1 1 0%; background-color: var(--bg-tertiary); border: medium; border-radius: 3px; color: var(--text-normal); font-size: 16px; outline: none; padding: 10px 40px 10px 10px;&quot;[39m
              [33mtype[39m=[32m&quot;password&quot;[39m
              [33mvalue[39m=[32m&quot;newpass123&quot;[39m
            [36m/&gt;[39m
            [36m&lt;div[39m
              [33mstyle[39m=[32m&quot;position: absolute; right: 10px; cursor: pointer; color: var(--text-muted); display: flex;&quot;[39m
            [36m&gt;[39m
              [36m&lt;svg[39m
                [33maria-hidden[39m=[32m&quot;true&quot;[39m
                [33mclass[39m=[32m&quot;lucide lucide-eye&quot;[39m
                [33mfill[39m=[32m&quot;none&quot;[39m
                [33mheight[39m=[32m&quot;18&quot;[39m
                [33mstroke[39m=[32m&quot;currentColor&quot;[39m
                [33mstroke-linecap[39m=[32m&quot;round&quot;[39m
                [33mstroke-linejoin[39m=[32m&quot;round&quot;[39m
                [33mstroke-width[39m=[32m&quot;2&quot;[39m
                [33mviewBox[39m=[32m&quot;0 0 24 24&quot;[39m
                [33mwidth[39m=[32m&quot;18&quot;[39m
                [33mxmlns[39m=[32m&quot;http://www.w3.org/2000/svg&quot;[39m
              [36m&gt;[39m
                [36m&lt;path[39m
                  [33md[39m=[32m&quot;M2.062 12.348a1 1 0 0 1 0-.696 10.75 10.75 0 0 1 19.876 0 1 1 0 0 1 0 .696 10.75 10.75 0 0 1-19.876 0&quot;[39m
                [36m/&gt;[39m
                [36m&lt;circle[39m
                  [33mcx[39m=[32m&quot;12&quot;[39m
                  [33mcy[39m=[32m&quot;12&quot;[39m
                  [33mr[39m=[32m&quot;3&quot;[39m
                [36m/&gt;[39m
              [36m&lt;/svg&gt;[39m
            [36m&lt;/div&gt;[39m
          [36m&lt;/div&gt;[39m
        [36m&lt;/div&gt;[39m
        [36m&lt;button[39m
          [33mstyle[39m=[32m&quot;background-color: var(--brand-experiment); color: white; border: medium; border-radius: 3px; padding: 10px; font-size: 16px; font-weight: bold; cursor: pointer; margin-top: 8px; transition: background-color 0.2s;&quot;[39m
          [33mtype[39m=[32m&quot;submit&quot;[39m
        [36m&gt;[39m
          [0mChange Password[0m
        [36m&lt;/button&gt;[39m
        [36m&lt;div[39m
          [33mstyle[39m=[32m&quot;font-size: 14px; margin-top: 8px; display: flex; flex-direction: column; gap: 4px;&quot;[39m
        [36m&gt;[39m
          [36m&lt;div&gt;[39m
            [36m&lt;span[39m
              [33mstyle[39m=[32m&quot;color: var(--text-muted);&quot;[39m
            [36m&gt;[39m
              [0mAlready have an account? [0m
            [36m&lt;/span&gt;[39m
            [36m&lt;span[39m
              [33mstyle[39m=[32m&quot;color: var(--text-link); cursor: pointer;&quot;[39m
            [36m&gt;[39m
              [0mLogin[0m
            [36m&lt;/span&gt;[39m
          [36m&lt;/div&gt;[39m
        [36m&lt;/div&gt;[39m
        [36m&lt;div[39m
          [33mstyle[39m=[32m&quot;margin-top: 16px; border-top: 1px solid var(--background-modifier-accent); padding-top: 16px;&quot;[39m
        [36m&gt;[39m
          [36m&lt;label[39m
            [33mfor[39m=[32m&quot;initialServerUrl&quot;[39m
            [33mstyle[39m=[32m&quot;font-size: 10px; font-weight: bold; text-transform: uppercase; color: var(--text-muted);&quot;[39m
          [36m&gt;[39m
            [0mInitial Network Server URL[0m
          [36m&lt;/label&gt;[39m
          [36m&lt;input[39m
            [33mid[39m=[32m&quot;initialServerUrl&quot;[39m
            [33mplaceholder[39m=[32m&quot;http://96.230.218.248:3001&quot;[39m
            [33mstyle[39m=[32m&quot;width: 100%; background-color: var(--bg-tertiary); border: medium; border-radius: 3px; color: var(--text-normal); padding: 8px; font-size: 12px; outline: none; margin-top: 4px; box-sizing: border-box;&quot;[39m
            [33mtype[39m=[32m&quot;text&quot;[39m
            [33mvalue[39m=[32m&quot;http://localhost:3001&quot;[39m
          [36m/&gt;[39m
        [36m&lt;/div&gt;[39m
        [36m&lt;div[39m
          [33mstyle[39m=[32m&quot;display: flex; align-items: center; justify-content: center; margin-top: 16px;&quot;[39m
        [36m&gt;[39m
          [36m&lt;div[39m
            [33mstyle[39m=[32m&quot;height: 1px; background-color: var(--background-modifier-accent); flex: 1 1 0%;&quot;[39m
          [36m/&gt;[39m
          [36m&lt;span[39m
            [33mstyle[39m=[32m&quot;padding: 0px 10px; color: var(--text-muted); font-size: 12px; font-weight: bold;&quot;[39m
          [36m&gt;[39m
            [0mOR USE STANDALONE[0m
          [36m&lt;/span&gt;[39m
          [36m&lt;div[39m
            [33mstyle[39m=[32m&quot;height: 1px; background-color: var(--background-modifier-accent); flex: 1 1 0%;&quot;[39m
          [36m/&gt;[39m
        [36m&lt;/div&gt;[39m
        [36m&lt;button[39m
          [33mclass[39m=[32m&quot;btn&quot;[39m
          [33mstyle[39m=[32m&quot;background-color: var(--background-modifier-accent); color: var(--text-normal); border: medium; border-radius: 3px; padding: 10px; font-size: 14px; font-weight: bold; cursor: pointer; transition: background-color 0.2s;&quot;[39m
          [33mtype[39m=[32m&quot;button&quot;[39m
        [36m&gt;[39m
          [0mContinue as Guest[0m
        [36m&lt;/button&gt;[39m
      [36m&lt;/form&gt;[39m
      [36m&lt;div[39m
        [33mstyle[39m=[32m&quot;position: absolute; bottom: 24px; text-align: center;&quot;[39m
      [36m&gt;[39m
        [36m&lt;button[39m
          [33mstyle[39m=[32m&quot;background: transparent; border: medium; color: var(--text-muted); text-decoration: underline; cursor: pointer; font-size: 12px;&quot;[39m
          [33mtype[39m=[32m&quot;button&quot;[39m
        [36m&gt;[39m
          [0mClear Local Cache &amp; Reset Client[0m
        [36m&lt;/button&gt;[39m
      [36m&lt;/div&gt;[39m
    [36m&lt;/div&gt;[39m
  [36m&lt;/div&gt;[39m
[36m&lt;/body&gt;[39m

Ignored nodes: comments, script, style
[36m&lt;body&gt;[39m
  [36m&lt;div&gt;[39m
    [36m&lt;div[39m
      [33mstyle[39m=[32m&quot;display: flex; justify-content: center; align-items: center; height: 100vh; background-color: var(--bg-primary); color: var(--text-normal);&quot;[39m
    [36m&gt;[39m
      [36m&lt;form[39m
        [33mstyle[39m=[32m&quot;background-color: var(--bg-secondary); padding: 32px; border-radius: 8px; width: 400px; display: flex; flex-direction: column; gap: 16px; box-shadow: 0 4px 15px rgba(0,0,0,0.5);&quot;[39m
      [36m&gt;[39m
        [36m&lt;h2[39m
          [33mstyle[39m=[32m&quot;text-align: center; color: var(--text-focus); margin: 0px;&quot;[39m
        [36m&gt;[39m
          [0mChange Password[0m
        [36m&lt;/h2&gt;[39m
        [36m&lt;div[39m
          [33mstyle[39m=[32m&quot;color: rgb(237, 66, 69); text-align: center;&quot;[39m
        [36m&gt;[39m
          [0mCannot read properties of undefined (reading &apos;json&apos;)[0m
        [36m&lt;/div&gt;[39m
        [36m&lt;div[39m
          [33mstyle[39m=[32m&quot;display: flex; flex-direction: column; gap: 8px;&quot;[39m
        [36m&gt;[39m
          [36m&lt;label[39m
            [33mfor[39m=[32m&quot;email&quot;[39m
            [33mstyle[39m=[32m&quot;font-size: 12px; font-weight: bold; text-transform: uppercase; color: var(--text-muted);&quot;[39m
          [36m&gt;[39m
            [0mEmail[0m
          [36m&lt;/label&gt;[39m
          [36m&lt;input[39m
            [33mid[39m=[32m&quot;email&quot;[39m
            [33mrequired[39m=[32m&quot;&quot;[39m
            [33mstyle[39m=[32m&quot;background-color: var(--bg-tertiary); border: medium; border-radius: 3px; color: var(--text-normal); padding: 10px; font-size: 16px; outline: none;&quot;[39m
            [33mtype[39m=[32m&quot;email&quot;[39m
            [33mvalue[39m=[32m&quot;test@test.com&quot;[39m
          [36m/&gt;[39m
        [36m&lt;/div&gt;[39m
        [36m&lt;div[39m
          [33mstyle[39m=[32m&quot;display: flex; flex-direction: column; gap: 8px;&quot;[39m
        [36m&gt;[39m
          [36m&lt;label[39m
            [33mfor[39m=[32m&quot;password&quot;[39m
            [33mstyle[39m=[32m&quot;font-size: 12px; font-weight: bold; text-transform: uppercase; color: var(--text-muted);&quot;[39m
          [36m&gt;[39m
            [0mNew Password[0m
          [36m&lt;/label&gt;[39m
          [36m&lt;div[39m
            [33mstyle[39m=[32m&quot;position: relative; display: flex; align-items: center;&quot;[39m
          [36m&gt;[39m
            [36m&lt;input[39m
              [33mid[39m=[32m&quot;password&quot;[39m
              [33mrequired[39m=[32m&quot;&quot;[39m
              [33mstyle[39m=[32m&quot;flex: 1 1 0%; background-color: var(--bg-tertiary); border: medium; border-radius: 3px; color: var(--text-normal); font-size: 16px; outline: none; padding: 10px 40px 10px 10px;&quot;[39m
              [33mtype[39m=[32m&quot;password&quot;[39m
              [33mvalue[39m=[32m&quot;newpass123&quot;[39m
            [36m/&gt;[39m
            [36m&lt;div[39m
              [33mstyle[39m=[32m&quot;position: absolute; right: 10px; cursor: pointer; color: var(--text-muted); display: flex;&quot;[39m
            [36m&gt;[39m
              [36m&lt;svg[39m
                [33maria-hidden[39m=[32m&quot;true&quot;[39m
                [33mclass[39m=[32m&quot;lucide lucide-eye&quot;[39m
                [33mfill[39m=[32m&quot;none&quot;[39m
                [33mheight[39m=[32m&quot;18&quot;[39m
                [33mstroke[39m=[32m&quot;currentColor&quot;[39m
                [33mstroke-linecap[39m=[32m&quot;round&quot;[39m
                [33mstroke-linejoin[39m=[32m&quot;round&quot;[39m
                [33mstroke-width[39m=[32m&quot;2&quot;[39m
                [33mviewBox[39m=[32m&quot;0 0 24 24&quot;[39m
                [33mwidth[39m=[32m&quot;18&quot;[39m
                [33mxmlns[39m=[32m&quot;http://www.w3.org/2000/svg&quot;[39m
              [36m&gt;[39m
                [36m&lt;path[39m
                  [33md[39m=[32m&quot;M2.062 12.348a1 1 0 0 1 0-.696 10.75 10.75 0 0 1 19.876 0 1 1 0 0 1 0 .696 10.75 10.75 0 0 1-19.876 0&quot;[39m
                [36m/&gt;[39m
                [36m&lt;circle[39m
                  [33mcx[39m=[32m&quot;12&quot;[39m
                  [33mcy[39m=[32m&quot;12&quot;[39m
                  [33mr[39m=[32m&quot;3&quot;[39m
                [36m/&gt;[39m
              [36m&lt;/svg&gt;[39m
            [36m&lt;/div&gt;[39m
          [36m&lt;/div&gt;[39m
        [36m&lt;/div&gt;[39m
        [36m&lt;div[39m
          [33mstyle[39m=[32m&quot;display: flex; flex-direction: column; gap: 8px;&quot;[39m
        [36m&gt;[39m
          [36m&lt;label[39m
            [33mfor[39m=[32m&quot;confirmPassword&quot;[39m
            [33mstyle[39m=[32m&quot;font-size: 12px; font-weight: bold; text-transform: uppercase; color: var(--text-muted);&quot;[39m
          [36m&gt;[39m
            [0mConfirm [0m
            [0mNew Password[0m
          [36m&lt;/label&gt;[39m
          [36m&lt;div[39m
            [33mstyle[39m=[32m&quot;position: relative; display: flex; align-items: center;&quot;[39m
          [36m&gt;[39m
            [36m&lt;input[39m
              [33mid[39m=[32m&quot;confirmPassword&quot;[39m
              [33mrequired[39m=[32m&quot;&quot;[39m
              [33mstyle[39m=[32m&quot;flex: 1 1 0%; background-color: var(--bg-tertiary); border: medium; border-radius: 3px; color: var(--text-normal); font-size: 16px; outline: none; padding: 10px 40px 10px 10px;&quot;[39m
              [33mtype[39m=[32m&quot;password&quot;[39m
              [33mvalue[39m=[32m&quot;newpass123&quot;[39m
            [36m/&gt;[39m
            [36m&lt;div[39m
              [33mstyle[39m=[32m&quot;position: absolute; right: 10px; cursor: pointer; color: var(--text-muted); display: flex;&quot;[39m
            [36m&gt;[39m
              [36m&lt;svg[39m
                [33maria-hidden[39m=[32m&quot;true&quot;[39m
                [33mclass[39m=[32m&quot;lucide lucide-eye&quot;[39m
                [33mfill[39m=[32m&quot;none&quot;[39m
                [33mheight[39m=[32m&quot;18&quot;[39m
                [33mstroke[39m=[32m&quot;currentColor&quot;[39m
                [33mstroke-linecap[39m=[32m&quot;round&quot;[39m
                [33mstroke-linejoin[39m=[32m&quot;round&quot;[39m
                [33mstroke-width[39m=[32m&quot;2&quot;[39m
                [33mviewBox[39m=[32m&quot;0 0 24 24&quot;[39m
                [33mwidth[39m=[32m&quot;18&quot;[39m
                [33mxmlns[39m=[32m&quot;http://www.w3.org/2000/svg&quot;[39m
              [36m&gt;[39m
                [36m&lt;path[39m
                  [33md[39m=[32m&quot;M2.062 12.348a1 1 0 0 1 0-.696 10.75 10.75 0 0 1 19.876 0 1 1 0 0 1 0 .696 10.75 10.75 0 0 1-19.876 0&quot;[39m
                [36m/&gt;[39m
                [36m&lt;circle[39m
                  [33mcx[39m=[32m&quot;12&quot;[39m
                  [33mcy[39m=[32m&quot;12&quot;[39m
                  [33mr[39m=[32m&quot;3&quot;[39m
                [36m/&gt;[39m
              [36m&lt;/svg&gt;[39m
            [36m&lt;/div&gt;[39m
          [36m&lt;/div&gt;[39m
        [36m&lt;/div&gt;[39m
        [36m&lt;button[39m
          [33mstyle[39m=[32m&quot;background-color: var(--brand-experiment); color: white; border: medium; border-radius: 3px; padding: 10px; font-size: 16px; font-weight: bold; cursor: pointer; margin-top: 8px; transition: background-color 0.2s;&quot;[39m
          [33mtype[39m=[32m&quot;submit&quot;[39m
        [36m&gt;[39m
          [0mChange Password[0m
        [36m&lt;/button&gt;[39m
        [36m&lt;div[39m
          [33mstyle[39m=[32m&quot;font-size: 14px; margin-top: 8px; display: flex; flex-direction: column; gap: 4px;&quot;[39m
        [36m&gt;[39m
          [36m&lt;div&gt;[39m
            [36m&lt;span[39m
              [33mstyle[39m=[32m&quot;color: var(--text-muted);&quot;[39m
            [36m&gt;[39m
              [0mAlready have an account? [0m
            [36m&lt;/span&gt;[39m
            [36m&lt;span[39m
              [33mstyle[39m=[32m&quot;color: var(--text-link); cursor: pointer;&quot;[39m
            [36m&gt;[39m
              [0mLogin[0m
            [36m&lt;/span&gt;[39m
          [36m&lt;/div&gt;[39m
        [36m&lt;/div&gt;[39m
        [36m&lt;div[39m
          [33mstyle[39m=[32m&quot;margin-top: 16px; border-top: 1px solid var(--background-modifier-accent); padding-top: 16px;&quot;[39m
        [36m&gt;[39m
          [36m&lt;label[39m
            [33mfor[39m=[32m&quot;initialServerUrl&quot;[39m
            [33mstyle[39m=[32m&quot;font-size: 10px; font-weight: bold; text-transform: uppercase; color: var(--text-muted);&quot;[39m
          [36m&gt;[39m
            [0mInitial Network Server URL[0m
          [36m&lt;/label&gt;[39m
          [36m&lt;input[39m
            [33mid[39m=[32m&quot;initialServerUrl&quot;[39m
            [33mplaceholder[39m=[32m&quot;http://96.230.218.248:3001&quot;[39m
            [33mstyle[39m=[32m&quot;width: 100%; background-color: var(--bg-tertiary); border: medium; border-radius: 3px; color: var(--text-normal); padding: 8px; font-size: 12px; outline: none; margin-top: 4px; box-sizing: border-box;&quot;[39m
            [33mtype[39m=[32m&quot;text&quot;[39m
            [33mvalue[39m=[32m&quot;http://localhost:3001&quot;[39m
          [36m/&gt;[39m
        [36m&lt;/div&gt;[39m
        [36m&lt;div[39m
          [33mstyle[39m=[32m&quot;display: flex; align-items: center; justify-content: center; margin-top: 16px;&quot;[39m
        [36m&gt;[39m
          [36m&lt;div[39m
            [33mstyle[39m=[32m&quot;height: 1px; background-color: var(--background-modifier-accent); flex: 1 1 0%;&quot;[39m
          [36m/&gt;[39m
          [36m&lt;span[39m
            [33mstyle[39m=[32m&quot;padding: 0px 10px; color: var(--text-muted); font-size: 12px; font-weight: bold;&quot;[39m
          [36m&gt;[39m
            [0mOR USE STANDALONE[0m
          [36m&lt;/span&gt;[39m
          [36m&lt;div[39m
            [33mstyle[39m=[32m&quot;height: 1px; background-color: var(--background-modifier-accent); flex: 1 1 0%;&quot;[39m
          [36m/&gt;[39m
        [36m&lt;/div&gt;[39m
        [36m&lt;button[39m
          [33mclass[39m=[32m&quot;btn&quot;[39m
          [33mstyle[39m=[32m&quot;background-color: var(--background-modifier-accent); color: var(--text-normal); border: medium; border-radius: 3px; padding: 10px; font-size: 14px; font-weight: bold; cursor: pointer; transition: background-color 0.2s;&quot;[39m
          [33mtype[39m=[32m&quot;button&quot;[39m
        [36m&gt;[39m
          [0mContinue as Guest[0m
        [36m&lt;/button&gt;[39m
      [36m&lt;/form&gt;[39m
      [36m&lt;div[39m
        [33mstyle[39m=[32m&quot;position: absolute; bottom: 24px; text-align: center;&quot;[39m
      [36m&gt;[39m
        [36m&lt;button[39m
          [33mstyle[39m=[32m&quot;background: transparent; border: medium; color: var(--text-muted); text-decoration: underline; cursor: pointer; font-size: 12px;&quot;[39m
          [33mtype[39m=[32m&quot;button&quot;[39m
        [36m&gt;[39m
          [0mClear Local Cache &amp; Reset Client[0m
        [36m&lt;/button&gt;[39m
      [36m&lt;/div&gt;[39m
    [36m&lt;/div&gt;[39m
  [36m&lt;/div&gt;[39m
[36m&lt;/body&gt;[39m" type="TestingLibraryElementError">
TestingLibraryElementError: Unable to find an element with the text: Password updated successfully! You can now login.. This could be because the text is broken up by multiple elements. In this case, you can provide a function for your text matcher to make your matcher more flexible.

Ignored nodes: comments, script, style
&lt;body&gt;
  &lt;div&gt;
    &lt;div
      style=&quot;display: flex; justify-content: center; align-items: center; height: 100vh; background-color: var(--bg-primary); color: var(--text-normal);&quot;
    &gt;
      &lt;form
        style=&quot;background-color: var(--bg-secondary); padding: 32px; border-radius: 8px; width: 400px; display: flex; flex-direction: column; gap: 16px; box-shadow: 0 4px 15px rgba(0,0,0,0.5);&quot;
      &gt;
        &lt;h2
          style=&quot;text-align: center; color: var(--text-focus); margin: 0px;&quot;
        &gt;
          Change Password
        &lt;/h2&gt;
        &lt;div
          style=&quot;color: rgb(237, 66, 69); text-align: center;&quot;
        &gt;
          Cannot read properties of undefined (reading &apos;json&apos;)
        &lt;/div&gt;
        &lt;div
          style=&quot;display: flex; flex-direction: column; gap: 8px;&quot;
        &gt;
          &lt;label
            for=&quot;email&quot;
            style=&quot;font-size: 12px; font-weight: bold; text-transform: uppercase; color: var(--text-muted);&quot;
          &gt;
            Email
          &lt;/label&gt;
          &lt;input
            id=&quot;email&quot;
            required=&quot;&quot;
            style=&quot;background-color: var(--bg-tertiary); border: medium; border-radius: 3px; color: var(--text-normal); padding: 10px; font-size: 16px; outline: none;&quot;
            type=&quot;email&quot;
            value=&quot;test@test.com&quot;
          /&gt;
        &lt;/div&gt;
        &lt;div
          style=&quot;display: flex; flex-direction: column; gap: 8px;&quot;
        &gt;
          &lt;label
            for=&quot;password&quot;
            style=&quot;font-size: 12px; font-weight: bold; text-transform: uppercase; color: var(--text-muted);&quot;
          &gt;
            New Password
          &lt;/label&gt;
          &lt;div
            style=&quot;position: relative; display: flex; align-items: center;&quot;
          &gt;
            &lt;input
              id=&quot;password&quot;
              required=&quot;&quot;
              style=&quot;flex: 1 1 0%; background-color: var(--bg-tertiary); border: medium; border-radius: 3px; color: var(--text-normal); font-size: 16px; outline: none; padding: 10px 40px 10px 10px;&quot;
              type=&quot;password&quot;
              value=&quot;newpass123&quot;
            /&gt;
            &lt;div
              style=&quot;position: absolute; right: 10px; cursor: pointer; color: var(--text-muted); display: flex;&quot;
            &gt;
              &lt;svg
                aria-hidden=&quot;true&quot;
                class=&quot;lucide lucide-eye&quot;
                fill=&quot;none&quot;
                height=&quot;18&quot;
                stroke=&quot;currentColor&quot;
                stroke-linecap=&quot;round&quot;
                stroke-linejoin=&quot;round&quot;
                stroke-width=&quot;2&quot;
                viewBox=&quot;0 0 24 24&quot;
                width=&quot;18&quot;
                xmlns=&quot;http://www.w3.org/2000/svg&quot;
              &gt;
                &lt;path
                  d=&quot;M2.062 12.348a1 1 0 0 1 0-.696 10.75 10.75 0 0 1 19.876 0 1 1 0 0 1 0 .696 10.75 10.75 0 0 1-19.876 0&quot;
                /&gt;
                &lt;circle
                  cx=&quot;12&quot;
                  cy=&quot;12&quot;
                  r=&quot;3&quot;
                /&gt;
              &lt;/svg&gt;
            &lt;/div&gt;
          &lt;/div&gt;
        &lt;/div&gt;
        &lt;div
          style=&quot;display: flex; flex-direction: column; gap: 8px;&quot;
        &gt;
          &lt;label
            for=&quot;confirmPassword&quot;
            style=&quot;font-size: 12px; font-weight: bold; text-transform: uppercase; color: var(--text-muted);&quot;
          &gt;
            Confirm 
            New Password
          &lt;/label&gt;
          &lt;div
            style=&quot;position: relative; display: flex; align-items: center;&quot;
          &gt;
            &lt;input
              id=&quot;confirmPassword&quot;
              required=&quot;&quot;
              style=&quot;flex: 1 1 0%; background-color: var(--bg-tertiary); border: medium; border-radius: 3px; color: var(--text-normal); font-size: 16px; outline: none; padding: 10px 40px 10px 10px;&quot;
              type=&quot;password&quot;
              value=&quot;newpass123&quot;
            /&gt;
            &lt;div
              style=&quot;position: absolute; right: 10px; cursor: pointer; color: var(--text-muted); display: flex;&quot;
            &gt;
              &lt;svg
                aria-hidden=&quot;true&quot;
                class=&quot;lucide lucide-eye&quot;
                fill=&quot;none&quot;
                height=&quot;18&quot;
                stroke=&quot;currentColor&quot;
                stroke-linecap=&quot;round&quot;
                stroke-linejoin=&quot;round&quot;
                stroke-width=&quot;2&quot;
                viewBox=&quot;0 0 24 24&quot;
                width=&quot;18&quot;
                xmlns=&quot;http://www.w3.org/2000/svg&quot;
              &gt;
                &lt;path
                  d=&quot;M2.062 12.348a1 1 0 0 1 0-.696 10.75 10.75 0 0 1 19.876 0 1 1 0 0 1 0 .696 10.75 10.75 0 0 1-19.876 0&quot;
                /&gt;
                &lt;circle
                  cx=&quot;12&quot;
                  cy=&quot;12&quot;
                  r=&quot;3&quot;
                /&gt;
              &lt;/svg&gt;
            &lt;/div&gt;
          &lt;/div&gt;
        &lt;/div&gt;
        &lt;button
          style=&quot;background-color: var(--brand-experiment); color: white; border: medium; border-radius: 3px; padding: 10px; font-size: 16px; font-weight: bold; cursor: pointer; margin-top: 8px; transition: background-color 0.2s;&quot;
          type=&quot;submit&quot;
        &gt;
          Change Password
        &lt;/button&gt;
        &lt;div
          style=&quot;font-size: 14px; margin-top: 8px; display: flex; flex-direction: column; gap: 4px;&quot;
        &gt;
          &lt;div&gt;
            &lt;span
              style=&quot;color: var(--text-muted);&quot;
            &gt;
              Already have an account? 
            &lt;/span&gt;
            &lt;span
              style=&quot;color: var(--text-link); cursor: pointer;&quot;
            &gt;
              Login
            &lt;/span&gt;
          &lt;/div&gt;
        &lt;/div&gt;
        &lt;div
          style=&quot;margin-top: 16px; border-top: 1px solid var(--background-modifier-accent); padding-top: 16px;&quot;
        &gt;
          &lt;label
            for=&quot;initialServerUrl&quot;
            style=&quot;font-size: 10px; font-weight: bold; text-transform: uppercase; color: var(--text-muted);&quot;
          &gt;
            Initial Network Server URL
          &lt;/label&gt;
          &lt;input
            id=&quot;initialServerUrl&quot;
            placeholder=&quot;http://96.230.218.248:3001&quot;
            style=&quot;width: 100%; background-color: var(--bg-tertiary); border: medium; border-radius: 3px; color: var(--text-normal); padding: 8px; font-size: 12px; outline: none; margin-top: 4px; box-sizing: border-box;&quot;
            type=&quot;text&quot;
            value=&quot;http://localhost:3001&quot;
          /&gt;
        &lt;/div&gt;
        &lt;div
          style=&quot;display: flex; align-items: center; justify-content: center; margin-top: 16px;&quot;
        &gt;
          &lt;div
            style=&quot;height: 1px; background-color: var(--background-modifier-accent); flex: 1 1 0%;&quot;
          /&gt;
          &lt;span
            style=&quot;padding: 0px 10px; color: var(--text-muted); font-size: 12px; font-weight: bold;&quot;
          &gt;
            OR USE STANDALONE
          &lt;/span&gt;
          &lt;div
            style=&quot;height: 1px; background-color: var(--background-modifier-accent); flex: 1 1 0%;&quot;
          /&gt;
        &lt;/div&gt;
        &lt;button
          class=&quot;btn&quot;
          style=&quot;background-color: var(--background-modifier-accent); color: var(--text-normal); border: medium; border-radius: 3px; padding: 10px; font-size: 14px; font-weight: bold; cursor: pointer; transition: background-color 0.2s;&quot;
          type=&quot;button&quot;
        &gt;
          Continue as Guest
        &lt;/button&gt;
      &lt;/form&gt;
      &lt;div
        style=&quot;position: absolute; bottom: 24px; text-align: center;&quot;
      &gt;
        &lt;button
          style=&quot;background: transparent; border: medium; color: var(--text-muted); text-decoration: underline; cursor: pointer; font-size: 12px;&quot;
          type=&quot;button&quot;
        &gt;
          Clear Local Cache &amp; Reset Client
        &lt;/button&gt;
      &lt;/div&gt;
    &lt;/div&gt;
  &lt;/div&gt;
&lt;/body&gt;

Ignored nodes: comments, script, style
&lt;body&gt;
  &lt;div&gt;
    &lt;div
      style=&quot;display: flex; justify-content: center; align-items: center; height: 100vh; background-color: var(--bg-primary); color: var(--text-normal);&quot;
    &gt;
      &lt;form
        style=&quot;background-color: var(--bg-secondary); padding: 32px; border-radius: 8px; width: 400px; display: flex; flex-direction: column; gap: 16px; box-shadow: 0 4px 15px rgba(0,0,0,0.5);&quot;
      &gt;
        &lt;h2
          style=&quot;text-align: center; color: var(--text-focus); margin: 0px;&quot;
        &gt;
          Change Password
        &lt;/h2&gt;
        &lt;div
          style=&quot;color: rgb(237, 66, 69); text-align: center;&quot;
        &gt;
          Cannot read properties of undefined (reading &apos;json&apos;)
        &lt;/div&gt;
        &lt;div
          style=&quot;display: flex; flex-direction: column; gap: 8px;&quot;
        &gt;
          &lt;label
            for=&quot;email&quot;
            style=&quot;font-size: 12px; font-weight: bold; text-transform: uppercase; color: var(--text-muted);&quot;
          &gt;
            Email
          &lt;/label&gt;
          &lt;input
            id=&quot;email&quot;
            required=&quot;&quot;
            style=&quot;background-color: var(--bg-tertiary); border: medium; border-radius: 3px; color: var(--text-normal); padding: 10px; font-size: 16px; outline: none;&quot;
            type=&quot;email&quot;
            value=&quot;test@test.com&quot;
          /&gt;
        &lt;/div&gt;
        &lt;div
          style=&quot;display: flex; flex-direction: column; gap: 8px;&quot;
        &gt;
          &lt;label
            for=&quot;password&quot;
            style=&quot;font-size: 12px; font-weight: bold; text-transform: uppercase; color: var(--text-muted);&quot;
          &gt;
            New Password
          &lt;/label&gt;
          &lt;div
            style=&quot;position: relative; display: flex; align-items: center;&quot;
          &gt;
            &lt;input
              id=&quot;password&quot;
              required=&quot;&quot;
              style=&quot;flex: 1 1 0%; background-color: var(--bg-tertiary); border: medium; border-radius: 3px; color: var(--text-normal); font-size: 16px; outline: none; padding: 10px 40px 10px 10px;&quot;
              type=&quot;password&quot;
              value=&quot;newpass123&quot;
            /&gt;
            &lt;div
              style=&quot;position: absolute; right: 10px; cursor: pointer; color: var(--text-muted); display: flex;&quot;
            &gt;
              &lt;svg
                aria-hidden=&quot;true&quot;
                class=&quot;lucide lucide-eye&quot;
                fill=&quot;none&quot;
                height=&quot;18&quot;
                stroke=&quot;currentColor&quot;
                stroke-linecap=&quot;round&quot;
                stroke-linejoin=&quot;round&quot;
                stroke-width=&quot;2&quot;
                viewBox=&quot;0 0 24 24&quot;
                width=&quot;18&quot;
                xmlns=&quot;http://www.w3.org/2000/svg&quot;
              &gt;
                &lt;path
                  d=&quot;M2.062 12.348a1 1 0 0 1 0-.696 10.75 10.75 0 0 1 19.876 0 1 1 0 0 1 0 .696 10.75 10.75 0 0 1-19.876 0&quot;
                /&gt;
                &lt;circle
                  cx=&quot;12&quot;
                  cy=&quot;12&quot;
                  r=&quot;3&quot;
                /&gt;
              &lt;/svg&gt;
            &lt;/div&gt;
          &lt;/div&gt;
        &lt;/div&gt;
        &lt;div
          style=&quot;display: flex; flex-direction: column; gap: 8px;&quot;
        &gt;
          &lt;label
            for=&quot;confirmPassword&quot;
            style=&quot;font-size: 12px; font-weight: bold; text-transform: uppercase; color: var(--text-muted);&quot;
          &gt;
            Confirm 
            New Password
          &lt;/label&gt;
          &lt;div
            style=&quot;position: relative; display: flex; align-items: center;&quot;
          &gt;
            &lt;input
              id=&quot;confirmPassword&quot;
              required=&quot;&quot;
              style=&quot;flex: 1 1 0%; background-color: var(--bg-tertiary); border: medium; border-radius: 3px; color: var(--text-normal); font-size: 16px; outline: none; padding: 10px 40px 10px 10px;&quot;
              type=&quot;password&quot;
              value=&quot;newpass123&quot;
            /&gt;
            &lt;div
              style=&quot;position: absolute; right: 10px; cursor: pointer; color: var(--text-muted); display: flex;&quot;
            &gt;
              &lt;svg
                aria-hidden=&quot;true&quot;
                class=&quot;lucide lucide-eye&quot;
                fill=&quot;none&quot;
                height=&quot;18&quot;
                stroke=&quot;currentColor&quot;
                stroke-linecap=&quot;round&quot;
                stroke-linejoin=&quot;round&quot;
                stroke-width=&quot;2&quot;
                viewBox=&quot;0 0 24 24&quot;
                width=&quot;18&quot;
                xmlns=&quot;http://www.w3.org/2000/svg&quot;
              &gt;
                &lt;path
                  d=&quot;M2.062 12.348a1 1 0 0 1 0-.696 10.75 10.75 0 0 1 19.876 0 1 1 0 0 1 0 .696 10.75 10.75 0 0 1-19.876 0&quot;
                /&gt;
                &lt;circle
                  cx=&quot;12&quot;
                  cy=&quot;12&quot;
                  r=&quot;3&quot;
                /&gt;
              &lt;/svg&gt;
            &lt;/div&gt;
          &lt;/div&gt;
        &lt;/div&gt;
        &lt;button
          style=&quot;background-color: var(--brand-experiment); color: white; border: medium; border-radius: 3px; padding: 10px; font-size: 16px; font-weight: bold; cursor: pointer; margin-top: 8px; transition: background-color 0.2s;&quot;
          type=&quot;submit&quot;
        &gt;
          Change Password
        &lt;/button&gt;
        &lt;div
          style=&quot;font-size: 14px; margin-top: 8px; display: flex; flex-direction: column; gap: 4px;&quot;
        &gt;
          &lt;div&gt;
            &lt;span
              style=&quot;color: var(--text-muted);&quot;
            &gt;
              Already have an account? 
            &lt;/span&gt;
            &lt;span
              style=&quot;color: var(--text-link); cursor: pointer;&quot;
            &gt;
              Login
            &lt;/span&gt;
          &lt;/div&gt;
        &lt;/div&gt;
        &lt;div
          style=&quot;margin-top: 16px; border-top: 1px solid var(--background-modifier-accent); padding-top: 16px;&quot;
        &gt;
          &lt;label
            for=&quot;initialServerUrl&quot;
            style=&quot;font-size: 10px; font-weight: bold; text-transform: uppercase; color: var(--text-muted);&quot;
          &gt;
            Initial Network Server URL
          &lt;/label&gt;
          &lt;input
            id=&quot;initialServerUrl&quot;
            placeholder=&quot;http://96.230.218.248:3001&quot;
            style=&quot;width: 100%; background-color: var(--bg-tertiary); border: medium; border-radius: 3px; color: var(--text-normal); padding: 8px; font-size: 12px; outline: none; margin-top: 4px; box-sizing: border-box;&quot;
            type=&quot;text&quot;
            value=&quot;http://localhost:3001&quot;
          /&gt;
        &lt;/div&gt;
        &lt;div
          style=&quot;display: flex; align-items: center; justify-content: center; margin-top: 16px;&quot;
        &gt;
          &lt;div
            style=&quot;height: 1px; background-color: var(--background-modifier-accent); flex: 1 1 0%;&quot;
          /&gt;
          &lt;span
            style=&quot;padding: 0px 10px; color: var(--text-muted); font-size: 12px; font-weight: bold;&quot;
          &gt;
            OR USE STANDALONE
          &lt;/span&gt;
          &lt;div
            style=&quot;height: 1px; background-color: var(--background-modifier-accent); flex: 1 1 0%;&quot;
          /&gt;
        &lt;/div&gt;
        &lt;button
          class=&quot;btn&quot;
          style=&quot;background-color: var(--background-modifier-accent); color: var(--text-normal); border: medium; border-radius: 3px; padding: 10px; font-size: 14px; font-weight: bold; cursor: pointer; transition: background-color 0.2s;&quot;
          type=&quot;button&quot;
        &gt;
          Continue as Guest
        &lt;/button&gt;
      &lt;/form&gt;
      &lt;div
        style=&quot;position: absolute; bottom: 24px; text-align: center;&quot;
      &gt;
        &lt;button
          style=&quot;background: transparent; border: medium; color: var(--text-muted); text-decoration: underline; cursor: pointer; font-size: 12px;&quot;
          type=&quot;button&quot;
        &gt;
          Clear Local Cache &amp; Reset Client
        &lt;/button&gt;
      &lt;/div&gt;
    &lt;/div&gt;
  &lt;/div&gt;
&lt;/body&gt;
 ❯ waitForWrapper node_modules/@testing-library/dom/dist/wait-for.js:163:27
 ❯ node_modules/@testing-library/dom/dist/query-helpers.js:86:33
 ❯ tests/LoginSignup.test.tsx:106:29
            </failure>
        </testcase>
        <testcase classname="tests/LoginSignup.test.tsx" name="LoginSignup Component &gt; updates local state for the custom Network Server URL" time="0.0097416">
            <system-err>
TypeError: Cannot read properties of undefined (reading &apos;ok&apos;)
    at fetchOwnerStatus (C:/Harmony/client/src/components/LoginSignup.tsx:25:21)
TypeError: Cannot read properties of undefined (reading &apos;ok&apos;)
    at fetchOwnerStatus (C:/Harmony/client/src/components/LoginSignup.tsx:25:21)
TypeError: Cannot read properties of undefined (reading &apos;ok&apos;)
    at fetchOwnerStatus (C:/Harmony/client/src/components/LoginSignup.tsx:25:21)

            </system-err>
        </testcase>
    </testsuite>
    <testsuite name="tests/Permissions.test.tsx" timestamp="2026-04-06T17:41:45.808Z" hostname="GHZ" tests="8" failures="0" errors="0" skipped="0" time="0.2133773">
        <testcase classname="tests/Permissions.test.tsx" name="Permissions UI Rendering &gt; ChannelSidebar Settings Gear &gt; hides settings gear when user lacks MANAGE_SERVER or ADMINISTRATOR" time="0.0371748">
            <system-err>
An update to ChannelSidebar inside a test was not wrapped in act(...).

When testing, code that causes React state updates should be wrapped into act(...):

act(() =&gt; {
  /* fire events that update state */
});
/* assert on the output */

This ensures that you&apos;re testing the behavior the user would see in the browser. Learn more at https://react.dev/link/wrap-tests-with-act

An update to ChannelSidebar inside a test was not wrapped in act(...).

When testing, code that causes React state updates should be wrapped into act(...):

act(() =&gt; {
  /* fire events that update state */
});
/* assert on the output */

This ensures that you&apos;re testing the behavior the user would see in the browser. Learn more at https://react.dev/link/wrap-tests-with-act
An update to ChannelSidebar inside a test was not wrapped in act(...).

When testing, code that causes React state updates should be wrapped into act(...):

act(() =&gt; {
  /* fire events that update state */
});
/* assert on the output */

This ensures that you&apos;re testing the behavior the user would see in the browser. Learn more at https://react.dev/link/wrap-tests-with-act

            </system-err>
        </testcase>
        <testcase classname="tests/Permissions.test.tsx" name="Permissions UI Rendering &gt; ChannelSidebar Settings Gear &gt; shows settings gear when user has MANAGE_SERVER" time="0.0094649">
            <system-err>
An update to ChannelSidebar inside a test was not wrapped in act(...).

When testing, code that causes React state updates should be wrapped into act(...):

act(() =&gt; {
  /* fire events that update state */
});
/* assert on the output */

This ensures that you&apos;re testing the behavior the user would see in the browser. Learn more at https://react.dev/link/wrap-tests-with-act

An update to ChannelSidebar inside a test was not wrapped in act(...).

When testing, code that causes React state updates should be wrapped into act(...):

act(() =&gt; {
  /* fire events that update state */
});
/* assert on the output */

This ensures that you&apos;re testing the behavior the user would see in the browser. Learn more at https://react.dev/link/wrap-tests-with-act
An update to ChannelSidebar inside a test was not wrapped in act(...).

When testing, code that causes React state updates should be wrapped into act(...):

act(() =&gt; {
  /* fire events that update state */
});
/* assert on the output */

This ensures that you&apos;re testing the behavior the user would see in the browser. Learn more at https://react.dev/link/wrap-tests-with-act

            </system-err>
        </testcase>
        <testcase classname="tests/Permissions.test.tsx" name="Permissions UI Rendering &gt; ChannelSidebar Settings Gear &gt; shows settings gear when user has ADMINISTRATOR" time="0.0047665">
            <system-err>
An update to ChannelSidebar inside a test was not wrapped in act(...).

When testing, code that causes React state updates should be wrapped into act(...):

act(() =&gt; {
  /* fire events that update state */
});
/* assert on the output */

This ensures that you&apos;re testing the behavior the user would see in the browser. Learn more at https://react.dev/link/wrap-tests-with-act

An update to ChannelSidebar inside a test was not wrapped in act(...).

When testing, code that causes React state updates should be wrapped into act(...):

act(() =&gt; {
  /* fire events that update state */
});
/* assert on the output */

This ensures that you&apos;re testing the behavior the user would see in the browser. Learn more at https://react.dev/link/wrap-tests-with-act
An update to ChannelSidebar inside a test was not wrapped in act(...).

When testing, code that causes React state updates should be wrapped into act(...):

act(() =&gt; {
  /* fire events that update state */
});
/* assert on the output */

This ensures that you&apos;re testing the behavior the user would see in the browser. Learn more at https://react.dev/link/wrap-tests-with-act

            </system-err>
        </testcase>
        <testcase classname="tests/Permissions.test.tsx" name="Permissions UI Rendering &gt; ChatArea Message Deletion &gt; hides delete button for others messages if lacking MANAGE_MESSAGES" time="0.0612957">
            <system-err>
React does not recognize the `followOutput` prop on a DOM element. If you intentionally want it to appear in the DOM as a custom attribute, spell it as lowercase `followoutput` instead. If you accidentally passed it from a parent component, remove it from the DOM element.
React does not recognize the `initialTopMostItemIndex` prop on a DOM element. If you intentionally want it to appear in the DOM as a custom attribute, spell it as lowercase `initialtopmostitemindex` instead. If you accidentally passed it from a parent component, remove it from the DOM element.

            </system-err>
        </testcase>
        <testcase classname="tests/Permissions.test.tsx" name="Permissions UI Rendering &gt; ChatArea Message Deletion &gt; shows delete button for others messages if has MANAGE_MESSAGES" time="0.0259673">
        </testcase>
        <testcase classname="tests/Permissions.test.tsx" name="Permissions UI Rendering &gt; ChatArea Message Deletion &gt; always shows delete button for own messages" time="0.0182382">
        </testcase>
        <testcase classname="tests/Permissions.test.tsx" name="Permissions UI Rendering &gt; ServerSettings Access &gt; shows Access Denied if lacking MANAGE_SERVER or ADMINISTRATOR" time="0.0146763">
            <system-err>
An update to ServerSettings inside a test was not wrapped in act(...).

When testing, code that causes React state updates should be wrapped into act(...):

act(() =&gt; {
  /* fire events that update state */
});
/* assert on the output */

This ensures that you&apos;re testing the behavior the user would see in the browser. Learn more at https://react.dev/link/wrap-tests-with-act
An update to ServerSettings inside a test was not wrapped in act(...).

When testing, code that causes React state updates should be wrapped into act(...):

act(() =&gt; {
  /* fire events that update state */
});
/* assert on the output */

This ensures that you&apos;re testing the behavior the user would see in the browser. Learn more at https://react.dev/link/wrap-tests-with-act
An update to ServerSettings inside a test was not wrapped in act(...).

When testing, code that causes React state updates should be wrapped into act(...):

act(() =&gt; {
  /* fire events that update state */
});
/* assert on the output */

This ensures that you&apos;re testing the behavior the user would see in the browser. Learn more at https://react.dev/link/wrap-tests-with-act
An update to ServerSettings inside a test was not wrapped in act(...).

When testing, code that causes React state updates should be wrapped into act(...):

act(() =&gt; {
  /* fire events that update state */
});
/* assert on the output */

This ensures that you&apos;re testing the behavior the user would see in the browser. Learn more at https://react.dev/link/wrap-tests-with-act
An update to ServerSettings inside a test was not wrapped in act(...).

When testing, code that causes React state updates should be wrapped into act(...):

act(() =&gt; {
  /* fire events that update state */
});
/* assert on the output */

This ensures that you&apos;re testing the behavior the user would see in the browser. Learn more at https://react.dev/link/wrap-tests-with-act

            </system-err>
        </testcase>
        <testcase classname="tests/Permissions.test.tsx" name="Permissions UI Rendering &gt; ServerSettings Access &gt; does not show Access Denied if has MANAGE_SERVER" time="0.040002">
            <system-err>
An update to ServerSettings inside a test was not wrapped in act(...).

When testing, code that causes React state updates should be wrapped into act(...):

act(() =&gt; {
  /* fire events that update state */
});
/* assert on the output */

This ensures that you&apos;re testing the behavior the user would see in the browser. Learn more at https://react.dev/link/wrap-tests-with-act
An update to ServerSettings inside a test was not wrapped in act(...).

When testing, code that causes React state updates should be wrapped into act(...):

act(() =&gt; {
  /* fire events that update state */
});
/* assert on the output */

This ensures that you&apos;re testing the behavior the user would see in the browser. Learn more at https://react.dev/link/wrap-tests-with-act
An update to ServerSettings inside a test was not wrapped in act(...).

When testing, code that causes React state updates should be wrapped into act(...):

act(() =&gt; {
  /* fire events that update state */
});
/* assert on the output */

This ensures that you&apos;re testing the behavior the user would see in the browser. Learn more at https://react.dev/link/wrap-tests-with-act
An update to ServerSettings inside a test was not wrapped in act(...).

When testing, code that causes React state updates should be wrapped into act(...):

act(() =&gt; {
  /* fire events that update state */
});
/* assert on the output */

This ensures that you&apos;re testing the behavior the user would see in the browser. Learn more at https://react.dev/link/wrap-tests-with-act
An update to ServerSettings inside a test was not wrapped in act(...).

When testing, code that causes React state updates should be wrapped into act(...):

act(() =&gt; {
  /* fire events that update state */
});
/* assert on the output */

This ensures that you&apos;re testing the behavior the user would see in the browser. Learn more at https://react.dev/link/wrap-tests-with-act

            </system-err>
        </testcase>
    </testsuite>
    <testsuite name="tests/ServerSidebar.test.tsx" timestamp="2026-04-06T17:41:45.810Z" hostname="GHZ" tests="3" failures="0" errors="0" skipped="0" time="0.1281554">
        <testcase classname="tests/ServerSidebar.test.tsx" name="ServerSidebar Component &gt; renders server icons and handles navigation" time="0.0789748">
        </testcase>
        <testcase classname="tests/ServerSidebar.test.tsx" name="ServerSidebar Component &gt; opens &quot;Add Peer Server&quot; modal when Plus button is clicked" time="0.0363023">
        </testcase>
        <testcase classname="tests/ServerSidebar.test.tsx" name="ServerSidebar Component &gt; opens &quot;Create Chat Server&quot; modal when FolderPlus button is clicked" time="0.0114201">
        </testcase>
    </testsuite>
</testsuites>
